Archive member included to satisfy reference by file (symbol)

c:/vsarm/armcc/102021~1.07/bin/../lib/gcc/arm-none-eabi/10.3.1/thumb/v6-m/nofp\libgcc.a(_dvmd_tls.o)
                              CMakeFiles/main.dir/C_/VSARM/sdk/pico/pico-sdk/src/rp2_common/pico_divider/divider.S.obj (__aeabi_idiv0)
c:/vsarm/armcc/102021~1.07/bin/../lib/gcc/arm-none-eabi/10.3.1/../../../../arm-none-eabi/lib/thumb/v6-m/nofp\libg.a(lib_a-calloc.o)
                              CMakeFiles/main.dir/C_/VSARM/sdk/pico/pico-sdk/src/rp2_common/pico_malloc/pico_malloc.c.obj (calloc)
c:/vsarm/armcc/102021~1.07/bin/../lib/gcc/arm-none-eabi/10.3.1/../../../../arm-none-eabi/lib/thumb/v6-m/nofp\libg.a(lib_a-callocr.o)
                              c:/vsarm/armcc/102021~1.07/bin/../lib/gcc/arm-none-eabi/10.3.1/../../../../arm-none-eabi/lib/thumb/v6-m/nofp\libg.a(lib_a-calloc.o) (_calloc_r)
c:/vsarm/armcc/102021~1.07/bin/../lib/gcc/arm-none-eabi/10.3.1/../../../../arm-none-eabi/lib/thumb/v6-m/nofp\libg.a(lib_a-errno.o)
                              c:/vsarm/armcc/102021~1.07/bin/../lib/gcc/arm-none-eabi/10.3.1/../../../../arm-none-eabi/lib/thumb/v6-m/nofp\libg.a(lib_a-callocr.o) (__errno)
c:/vsarm/armcc/102021~1.07/bin/../lib/gcc/arm-none-eabi/10.3.1/../../../../arm-none-eabi/lib/thumb/v6-m/nofp\libg.a(lib_a-impure.o)
                              c:/vsarm/armcc/102021~1.07/bin/../lib/gcc/arm-none-eabi/10.3.1/../../../../arm-none-eabi/lib/thumb/v6-m/nofp\libg.a(lib_a-calloc.o) (_impure_ptr)
c:/vsarm/armcc/102021~1.07/bin/../lib/gcc/arm-none-eabi/10.3.1/../../../../arm-none-eabi/lib/thumb/v6-m/nofp\libg.a(lib_a-init.o)
                              c:/vsarm/armcc/102021~1.07/bin/../lib/gcc/arm-none-eabi/10.3.1/../../../../arm-none-eabi/lib/thumb/v6-m/nofp/crt0.o (__libc_init_array)
c:/vsarm/armcc/102021~1.07/bin/../lib/gcc/arm-none-eabi/10.3.1/../../../../arm-none-eabi/lib/thumb/v6-m/nofp\libg.a(lib_a-malloc.o)
                              CMakeFiles/main.dir/C_/VSARM/sdk/pico/pico-sdk/src/rp2_common/pico_malloc/pico_malloc.c.obj (malloc)
c:/vsarm/armcc/102021~1.07/bin/../lib/gcc/arm-none-eabi/10.3.1/../../../../arm-none-eabi/lib/thumb/v6-m/nofp\libg.a(lib_a-mallocr.o)
                              c:/vsarm/armcc/102021~1.07/bin/../lib/gcc/arm-none-eabi/10.3.1/../../../../arm-none-eabi/lib/thumb/v6-m/nofp\libg.a(lib_a-callocr.o) (_malloc_r)
c:/vsarm/armcc/102021~1.07/bin/../lib/gcc/arm-none-eabi/10.3.1/../../../../arm-none-eabi/lib/thumb/v6-m/nofp\libg.a(lib_a-mlock.o)
                              c:/vsarm/armcc/102021~1.07/bin/../lib/gcc/arm-none-eabi/10.3.1/../../../../arm-none-eabi/lib/thumb/v6-m/nofp\libg.a(lib_a-mallocr.o) (__malloc_lock)
c:/vsarm/armcc/102021~1.07/bin/../lib/gcc/arm-none-eabi/10.3.1/../../../../arm-none-eabi/lib/thumb/v6-m/nofp\libg.a(lib_a-sbrkr.o)
                              c:/vsarm/armcc/102021~1.07/bin/../lib/gcc/arm-none-eabi/10.3.1/../../../../arm-none-eabi/lib/thumb/v6-m/nofp\libg.a(lib_a-mallocr.o) (_sbrk_r)
c:/vsarm/armcc/102021~1.07/bin/../lib/gcc/arm-none-eabi/10.3.1/../../../../arm-none-eabi/lib/thumb/v6-m/nofp\libg.a(lib_a-strlen-stub.o)
                              CMakeFiles/main.dir/C_/VSARM/sdk/pico/pico-sdk/src/rp2_common/pico_stdio/stdio.c.obj (strlen)
c:/vsarm/armcc/102021~1.07/bin/../lib/gcc/arm-none-eabi/10.3.1/../../../../arm-none-eabi/lib/thumb/v6-m/nofp\libg.a(lib_a-freer.o)
                              c:/vsarm/armcc/102021~1.07/bin/../lib/gcc/arm-none-eabi/10.3.1/../../../../arm-none-eabi/lib/thumb/v6-m/nofp\libg.a(lib_a-malloc.o) (_free_r)
c:/vsarm/armcc/102021~1.07/bin/../lib/gcc/arm-none-eabi/10.3.1/../../../../arm-none-eabi/lib/thumb/v6-m/nofp\libg.a(lib_a-lock.o)
                              c:/vsarm/armcc/102021~1.07/bin/../lib/gcc/arm-none-eabi/10.3.1/../../../../arm-none-eabi/lib/thumb/v6-m/nofp\libg.a(lib_a-mlock.o) (__retarget_lock_acquire_recursive)
c:/vsarm/armcc/102021~1.07/bin/../lib/gcc/arm-none-eabi/10.3.1/../../../../arm-none-eabi/lib/thumb/v6-m/nofp\libg.a(lib_a-reent.o)
                              c:/vsarm/armcc/102021~1.07/bin/../lib/gcc/arm-none-eabi/10.3.1/../../../../arm-none-eabi/lib/thumb/v6-m/nofp\libg.a(lib_a-sbrkr.o) (errno)

Discarded input sections

 .text          0x00000000        0x0 c:/vsarm/armcc/102021~1.07/bin/../lib/gcc/arm-none-eabi/10.3.1/thumb/v6-m/nofp/crti.o
 .data          0x00000000        0x0 c:/vsarm/armcc/102021~1.07/bin/../lib/gcc/arm-none-eabi/10.3.1/thumb/v6-m/nofp/crti.o
 .bss           0x00000000        0x0 c:/vsarm/armcc/102021~1.07/bin/../lib/gcc/arm-none-eabi/10.3.1/thumb/v6-m/nofp/crti.o
 .data          0x00000000        0x4 c:/vsarm/armcc/102021~1.07/bin/../lib/gcc/arm-none-eabi/10.3.1/thumb/v6-m/nofp/crtbegin.o
 .rodata        0x00000000       0x24 c:/vsarm/armcc/102021~1.07/bin/../lib/gcc/arm-none-eabi/10.3.1/thumb/v6-m/nofp/crtbegin.o
 .fini_array    0x00000000        0x4 c:/vsarm/armcc/102021~1.07/bin/../lib/gcc/arm-none-eabi/10.3.1/thumb/v6-m/nofp/crtbegin.o
[...]
Memory Configuration

Name             Origin             Length             Attributes
FLASH            0x10000000         0x00200000         xr
RAM              0x20000000         0x00040000         xrw
SCRATCH_X        0x20040000         0x00001000         xrw
SCRATCH_Y        0x20041000         0x00001000         xrw
*default*        0x00000000         0xffffffff

Linker script and memory map

LOAD c:/vsarm/armcc/102021~1.07/bin/../lib/gcc/arm-none-eabi/10.3.1/thumb/v6-m/nofp/crti.o
LOAD c:/vsarm/armcc/102021~1.07/bin/../lib/gcc/arm-none-eabi/10.3.1/thumb/v6-m/nofp/crtbegin.o
LOAD c:/vsarm/armcc/102021~1.07/bin/../lib/gcc/arm-none-eabi/10.3.1/../../../../arm-none-eabi/lib/thumb/v6-m/nofp/crt0.o

.flash_begin    0x10000000        0x0
                0x10000000                __flash_binary_start = .

.boot2          0x10000000      0x100
                0x10000000                __boot2_start__ = .
 *(.boot2)
 .boot2         0x10000000      0x100 D:\Users\Javi\AppData\Local\Temp\ccUYpgEi.o
                0x10000100                __boot2_end__ = .
                0x00000001                ASSERT (((__boot2_end__ - __boot2_start__) == 0x100), ERROR: Pico second stage bootloader must be 256 bytes in size)

.text           0x10000100     0x4498
                0x10000100                __logical_binary_start = .
 *(.vectors)
 .vectors       0x10000100       0xd4 CMakeFiles/main.dir/C_/VSARM/sdk/pico/pico-sdk/src/rp2_common/pico_standard_link/crt0.S.obj
                0x10000100                __VECTOR_TABLE
                0x10000100                __vectors
                0x100001c0                isr_invalid
                0x100001c0                __default_isrs_start
                0x100001c2                isr_nmi
                0x100001c4                isr_hardfault
                0x100001c6                isr_svcall
                0x100001c8                isr_pendsv
                0x100001ca                isr_systick
                0x100001cc                isr_irq23
                0x100001cc                isr_irq18
                0x100001cc                isr_irq11
                0x100001cc                isr_irq28
                0x100001cc                isr_irq19
                0x100001cc                isr_irq0
                0x100001cc                isr_irq6
                0x100001cc                isr_irq5
                0x100001cc                isr_irq12
                0x100001cc                isr_irq22
                0x100001cc                isr_irq31
                0x100001cc                isr_irq17
                0x100001cc                isr_irq27
                0x100001cc                isr_irq30
                0x100001cc                isr_irq2
                0x100001cc                isr_irq10
                0x100001cc                isr_irq8
                0x100001cc                isr_irq24
                0x100001cc                isr_irq1
                0x100001cc                isr_irq7
                0x100001cc                isr_irq21
                0x100001cc                isr_irq20
                0x100001cc                isr_irq15
                0x100001cc                isr_irq25
                0x100001cc                isr_irq13
                0x100001cc                __unhandled_user_irq
                0x100001cc                isr_irq4
                0x100001cc                isr_irq16
                0x100001cc                isr_irq29
                0x100001cc                isr_irq26
                0x100001cc                __default_isrs_end
                0x100001cc                isr_irq3
                0x100001cc                isr_irq14
                0x100001cc                isr_irq9
                0x100001d2                unhandled_user_irq_num_in_r0
 *(.binary_info_header)
 .binary_info_header
                0x100001d4       0x14 CMakeFiles/main.dir/C_/VSARM/sdk/pico/pico-sdk/src/rp2_common/pico_standard_link/crt0.S.obj
                0x100001e8                __binary_info_header_end = .
 *(.reset)
 .reset         0x100001e8       0xa8 CMakeFiles/main.dir/C_/VSARM/sdk/pico/pico-sdk/src/rp2_common/pico_standard_link/crt0.S.obj
                0x100001e8                _entry_point
                0x10000266                __get_current_exception
 .reset         0x10000290       0x30 CMakeFiles/main.dir/C_/VSARM/sdk/pico/pico-sdk/src/rp2_common/pico_standard_link/binary_info.c.obj
 *(.init)
 .init          0x100002c0        0x4 c:/vsarm/armcc/102021~1.07/bin/../lib/gcc/arm-none-eabi/10.3.1/thumb/v6-m/nofp/crti.o
                0x100002c0                _init
 *(EXCLUDE_FILE(*libm.a: *libc.a:*lib_a-mem*.o *libgcc.a:) .text*)
 .text          0x100002c4       0x48 c:/vsarm/armcc/102021~1.07/bin/../lib/gcc/arm-none-eabi/10.3.1/thumb/v6-m/nofp/crtbegin.o
 .text.main     0x1000030c       0xb8 CMakeFiles/main.dir/main.c.obj
                0x1000030c                main
 .text.gpio_set_function
                0x100003c4       0x30 CMakeFiles/main.dir/C_/VSARM/sdk/pico/pico-sdk/src/rp2_common/hardware_gpio/gpio.c.obj
                0x100003c4                gpio_set_function
 .text.gpio_init
                0x100003f4       0x16 CMakeFiles/main.dir/C_/VSARM/sdk/pico/pico-sdk/src/rp2_common/hardware_gpio/gpio.c.obj
                0x100003f4                gpio_init
 *fill*         0x1000040a        0x2 
 .text.hw_claim_lock
                0x1000040c       0x18 CMakeFiles/main.dir/C_/VSARM/sdk/pico/pico-sdk/src/rp2_common/hardware_claim/claim.c.obj
                0x1000040c                hw_claim_lock
 .text.hw_claim_unlock
                0x10000424       0x14 CMakeFiles/main.dir/C_/VSARM/sdk/pico/pico-sdk/src/rp2_common/hardware_claim/claim.c.obj
                0x10000424                hw_claim_unlock
 .text.hw_claim_or_assert
                0x10000438       0x32 CMakeFiles/main.dir/C_/VSARM/sdk/pico/pico-sdk/src/rp2_common/hardware_claim/claim.c.obj
                0x10000438                hw_claim_or_assert
 *fill*         0x1000046a        0x2 
 .text.running_on_fpga
                0x1000046c       0x14 CMakeFiles/main.dir/C_/VSARM/sdk/pico/pico-sdk/src/rp2_common/pico_platform/platform.c.obj
                0x1000046c                running_on_fpga
 .text.spin_locks_reset
                0x10000480       0x20 CMakeFiles/main.dir/C_/VSARM/sdk/pico/pico-sdk/src/rp2_common/hardware_sync/sync.c.obj
                0x10000480                spin_locks_reset
 .text.next_striped_spin_lock_num
                0x100004a0       0x1c CMakeFiles/main.dir/C_/VSARM/sdk/pico/pico-sdk/src/rp2_common/hardware_sync/sync.c.obj
                0x100004a0                next_striped_spin_lock_num
 .text.uart_set_baudrate
                0x100004bc       0x5c CMakeFiles/main.dir/C_/VSARM/sdk/pico/pico-sdk/src/rp2_common/hardware_uart/uart.c.obj
                0x100004bc                uart_set_baudrate
 .text.uart_set_translate_crlf
                0x10000518       0x28 CMakeFiles/main.dir/C_/VSARM/sdk/pico/pico-sdk/src/rp2_common/hardware_uart/uart.c.obj
                0x10000518                uart_set_translate_crlf
 .text.uart_init
                0x10000540       0x80 CMakeFiles/main.dir/C_/VSARM/sdk/pico/pico-sdk/src/rp2_common/hardware_uart/uart.c.obj
                0x10000540                uart_init
 .text.alarm_pool_post_alloc_init
                0x100005c0       0x40 CMakeFiles/main.dir/C_/VSARM/sdk/pico/pico-sdk/src/common/pico_time/time.c.obj
 .text.sleep_until_callback
                0x10000600       0x30 CMakeFiles/main.dir/C_/VSARM/sdk/pico/pico-sdk/src/common/pico_time/time.c.obj
 .text.timer_pool_entry_comparator
                0x10000630       0x7c CMakeFiles/main.dir/C_/VSARM/sdk/pico/pico-sdk/src/common/pico_time/time.c.obj
                0x10000630                timer_pool_entry_comparator
 .text.ph_add_child_node
                0x100006ac       0xa4 CMakeFiles/main.dir/C_/VSARM/sdk/pico/pico-sdk/src/common/pico_time/time.c.obj
 .text.ph_merge_nodes
                0x10000750       0x3e CMakeFiles/main.dir/C_/VSARM/sdk/pico/pico-sdk/src/common/pico_time/time.c.obj
 *fill*         0x1000078e        0x2 
 .text.add_alarm_under_lock
                0x10000790      0x174 CMakeFiles/main.dir/C_/VSARM/sdk/pico/pico-sdk/src/common/pico_time/time.c.obj
 .text.alarm_pool_alarm_callback
                0x10000904      0x328 CMakeFiles/main.dir/C_/VSARM/sdk/pico/pico-sdk/src/common/pico_time/time.c.obj
 .text.alarm_pool_init_default
                0x10000c2c       0x38 CMakeFiles/main.dir/C_/VSARM/sdk/pico/pico-sdk/src/common/pico_time/time.c.obj
                0x10000c2c                alarm_pool_init_default
 .text.alarm_pool_get_default
                0x10000c64       0x2c CMakeFiles/main.dir/C_/VSARM/sdk/pico/pico-sdk/src/common/pico_time/time.c.obj
                0x10000c64                alarm_pool_get_default
 .text.alarm_pool_add_alarm_at
                0x10000c90      0x170 CMakeFiles/main.dir/C_/VSARM/sdk/pico/pico-sdk/src/common/pico_time/time.c.obj
                0x10000c90                alarm_pool_add_alarm_at
 .text.sleep_until
                0x10000e00       0xfc CMakeFiles/main.dir/C_/VSARM/sdk/pico/pico-sdk/src/common/pico_time/time.c.obj
                0x10000e00                sleep_until
 .text.sleep_us
                0x10000efc       0x58 CMakeFiles/main.dir/C_/VSARM/sdk/pico/pico-sdk/src/common/pico_time/time.c.obj
                0x10000efc                sleep_us
 .text.sleep_ms
                0x10000f54       0x14 CMakeFiles/main.dir/C_/VSARM/sdk/pico/pico-sdk/src/common/pico_time/time.c.obj
                0x10000f54                sleep_ms
 .text.hardware_alarm_irq_handler
                0x10000f68       0x8c CMakeFiles/main.dir/C_/VSARM/sdk/pico/pico-sdk/src/rp2_common/hardware_timer/timer.c.obj
 .text.hardware_alarm_claim
                0x10000ff4       0x18 CMakeFiles/main.dir/C_/VSARM/sdk/pico/pico-sdk/src/rp2_common/hardware_timer/timer.c.obj
                0x10000ff4                hardware_alarm_claim
 .text.time_us_64
                0x1000100c       0x18 CMakeFiles/main.dir/C_/VSARM/sdk/pico/pico-sdk/src/rp2_common/hardware_timer/timer.c.obj
                0x1000100c                time_us_64
 .text.busy_wait_until
                0x10001024       0x28 CMakeFiles/main.dir/C_/VSARM/sdk/pico/pico-sdk/src/rp2_common/hardware_timer/timer.c.obj
                0x10001024                busy_wait_until
 .text.hardware_alarm_set_callback
                0x1000104c       0x90 CMakeFiles/main.dir/C_/VSARM/sdk/pico/pico-sdk/src/rp2_common/hardware_timer/timer.c.obj
                0x1000104c                hardware_alarm_set_callback
 .text.hardware_alarm_set_target
                0x100010dc       0xe8 CMakeFiles/main.dir/C_/VSARM/sdk/pico/pico-sdk/src/rp2_common/hardware_timer/timer.c.obj
                0x100010dc                hardware_alarm_set_target
 .text.hardware_alarm_cancel
                0x100011c4       0x40 CMakeFiles/main.dir/C_/VSARM/sdk/pico/pico-sdk/src/rp2_common/hardware_timer/timer.c.obj
                0x100011c4                hardware_alarm_cancel
 .text.lock_init
                0x10001204       0x10 CMakeFiles/main.dir/C_/VSARM/sdk/pico/pico-sdk/src/common/pico_sync/lock_core.c.obj
                0x10001204                lock_init
 .text.mutex_init_internal
                0x10001214       0x1e CMakeFiles/main.dir/C_/VSARM/sdk/pico/pico-sdk/src/common/pico_sync/mutex.c.obj
 .text.mutex_init
                0x10001232        0xa CMakeFiles/main.dir/C_/VSARM/sdk/pico/pico-sdk/src/common/pico_sync/mutex.c.obj
                0x10001232                mutex_init
 .text.recursive_mutex_init
                0x1000123c        0xa CMakeFiles/main.dir/C_/VSARM/sdk/pico/pico-sdk/src/common/pico_sync/mutex.c.obj
                0x1000123c                recursive_mutex_init
 *fill*         0x10001246        0x2 
 .text.ph_add_child_node
                0x10001248       0xa4 CMakeFiles/main.dir/C_/VSARM/sdk/pico/pico-sdk/src/common/pico_util/pheap.c.obj
 .text.ph_merge_nodes
                0x100012ec       0x3e CMakeFiles/main.dir/C_/VSARM/sdk/pico/pico-sdk/src/common/pico_util/pheap.c.obj
 *fill*         0x1000132a        0x2 
 .text.ph_clear
                0x1000132c       0x70 CMakeFiles/main.dir/C_/VSARM/sdk/pico/pico-sdk/src/common/pico_util/pheap.c.obj
                0x1000132c                ph_clear
 .text.ph_post_alloc_init
                0x1000139c        0xe CMakeFiles/main.dir/C_/VSARM/sdk/pico/pico-sdk/src/common/pico_util/pheap.c.obj
                0x1000139c                ph_post_alloc_init
 *fill*         0x100013aa        0x2 
 .text.ph_merge_two_pass
                0x100013ac       0xa8 CMakeFiles/main.dir/C_/VSARM/sdk/pico/pico-sdk/src/common/pico_util/pheap.c.obj
                0x100013ac                ph_merge_two_pass
 .text.ph_remove_any_head
                0x10001454      0x108 CMakeFiles/main.dir/C_/VSARM/sdk/pico/pico-sdk/src/common/pico_util/pheap.c.obj
 .text.ph_remove_head
                0x1000155c       0x14 CMakeFiles/main.dir/C_/VSARM/sdk/pico/pico-sdk/src/common/pico_util/pheap.c.obj
                0x1000155c                ph_remove_head
 .text.ph_remove_and_free_node
                0x10001570       0xf8 CMakeFiles/main.dir/C_/VSARM/sdk/pico/pico-sdk/src/common/pico_util/pheap.c.obj
                0x10001570                ph_remove_and_free_node
 .text.runtime_init
                0x10001668       0xd8 CMakeFiles/main.dir/C_/VSARM/sdk/pico/pico-sdk/src/rp2_common/pico_runtime/runtime.c.obj
                0x10001668                runtime_init
 .text._exit    0x10001740        0x4 CMakeFiles/main.dir/C_/VSARM/sdk/pico/pico-sdk/src/rp2_common/pico_runtime/runtime.c.obj
                0x10001740                _exit
 .text.exit     0x10001744        0x6 CMakeFiles/main.dir/C_/VSARM/sdk/pico/pico-sdk/src/rp2_common/pico_runtime/runtime.c.obj
                0x10001744                exit
 *fill*         0x1000174a        0x2 
 .text.__assert_func
                0x1000174c       0x3c CMakeFiles/main.dir/C_/VSARM/sdk/pico/pico-sdk/src/rp2_common/pico_runtime/runtime.c.obj
                0x1000174c                __assert_func
 .text.panic    0x10001788       0x30 CMakeFiles/main.dir/C_/VSARM/sdk/pico/pico-sdk/src/rp2_common/pico_runtime/runtime.c.obj
                0x10001788                panic
 .text.clock_configure
                0x100017b8      0x104 CMakeFiles/main.dir/C_/VSARM/sdk/pico/pico-sdk/src/rp2_common/hardware_clocks/clocks.c.obj
                0x100017b8                clock_configure
 .text.clocks_init
                0x100018bc      0x100 CMakeFiles/main.dir/C_/VSARM/sdk/pico/pico-sdk/src/rp2_common/hardware_clocks/clocks.c.obj
                0x100018bc                clocks_init
 .text.clock_get_hz
                0x100019bc        0xc CMakeFiles/main.dir/C_/VSARM/sdk/pico/pico-sdk/src/rp2_common/hardware_clocks/clocks.c.obj
                0x100019bc                clock_get_hz
 .text.set_raw_irq_handler_and_unlock
                0x100019c8       0x28 CMakeFiles/main.dir/C_/VSARM/sdk/pico/pico-sdk/src/rp2_common/hardware_irq/irq.c.obj
 .text.make_branch
                0x100019f0       0x34 CMakeFiles/main.dir/C_/VSARM/sdk/pico/pico-sdk/src/rp2_common/hardware_irq/irq.c.obj
 .text.insert_branch_and_link
                0x10001a24       0x40 CMakeFiles/main.dir/C_/VSARM/sdk/pico/pico-sdk/src/rp2_common/hardware_irq/irq.c.obj
 .text.irq_is_enabled
                0x10001a64       0x18 CMakeFiles/main.dir/C_/VSARM/sdk/pico/pico-sdk/src/rp2_common/hardware_irq/irq.c.obj
                0x10001a64                irq_is_enabled
 .text.irq_set_mask_enabled
                0x10001a7c       0x20 CMakeFiles/main.dir/C_/VSARM/sdk/pico/pico-sdk/src/rp2_common/hardware_irq/irq.c.obj
                0x10001a7c                irq_set_mask_enabled
 .text.irq_set_enabled
                0x10001a9c        0xe CMakeFiles/main.dir/C_/VSARM/sdk/pico/pico-sdk/src/rp2_common/hardware_irq/irq.c.obj
                0x10001a9c                irq_set_enabled
 *fill*         0x10001aaa        0x2 
 .text.irq_get_vtable_handler
                0x10001aac       0x10 CMakeFiles/main.dir/C_/VSARM/sdk/pico/pico-sdk/src/rp2_common/hardware_irq/irq.c.obj
                0x10001aac                irq_get_vtable_handler
 .text.irq_set_exclusive_handler
                0x10001abc       0x54 CMakeFiles/main.dir/C_/VSARM/sdk/pico/pico-sdk/src/rp2_common/hardware_irq/irq.c.obj
                0x10001abc                irq_set_exclusive_handler
 .text.irq_remove_handler
                0x10001b10      0x1ac CMakeFiles/main.dir/C_/VSARM/sdk/pico/pico-sdk/src/rp2_common/hardware_irq/irq.c.obj
                0x10001b10                irq_remove_handler
 .text.irq_set_priority
                0x10001cbc       0x28 CMakeFiles/main.dir/C_/VSARM/sdk/pico/pico-sdk/src/rp2_common/hardware_irq/irq.c.obj
                0x10001cbc                irq_set_priority
 .text.irq_add_tail_to_free_list
                0x10001ce4       0xf0 CMakeFiles/main.dir/C_/VSARM/sdk/pico/pico-sdk/src/rp2_common/hardware_irq/irq.c.obj
                0x10001ce4                irq_add_tail_to_free_list
 .text.irq_init_priorities
                0x10001dd4       0x16 CMakeFiles/main.dir/C_/VSARM/sdk/pico/pico-sdk/src/rp2_common/hardware_irq/irq.c.obj
                0x10001dd4                irq_init_priorities
 *fill*         0x10001dea        0x2 
 .text.pll_init
                0x10001dec      0x118 CMakeFiles/main.dir/C_/VSARM/sdk/pico/pico-sdk/src/rp2_common/hardware_pll/pll.c.obj
                0x10001dec                pll_init
 .text.watchdog_start_tick
                0x10001f04       0x10 CMakeFiles/main.dir/C_/VSARM/sdk/pico/pico-sdk/src/rp2_common/hardware_watchdog/watchdog.c.obj
                0x10001f04                watchdog_start_tick
 .text.xosc_init
                0x10001f14       0x28 CMakeFiles/main.dir/C_/VSARM/sdk/pico/pico-sdk/src/rp2_common/hardware_xosc/xosc.c.obj
                0x10001f14                xosc_init
 .text._out_null
                0x10001f3c        0x2 CMakeFiles/main.dir/C_/VSARM/sdk/pico/pico-sdk/src/rp2_common/pico_printf/printf.c.obj
 .text._out_fct
                0x10001f3e        0xe CMakeFiles/main.dir/C_/VSARM/sdk/pico/pico-sdk/src/rp2_common/pico_printf/printf.c.obj
 .text._atoi    0x10001f4c       0x24 CMakeFiles/main.dir/C_/VSARM/sdk/pico/pico-sdk/src/rp2_common/pico_printf/printf.c.obj
 .text._out_rev
                0x10001f70       0xae CMakeFiles/main.dir/C_/VSARM/sdk/pico/pico-sdk/src/rp2_common/pico_printf/printf.c.obj
 .text._ntoa_format
                0x1000201e      0x112 CMakeFiles/main.dir/C_/VSARM/sdk/pico/pico-sdk/src/rp2_common/pico_printf/printf.c.obj
 .text._ntoa_long
                0x10002130       0xbc CMakeFiles/main.dir/C_/VSARM/sdk/pico/pico-sdk/src/rp2_common/pico_printf/printf.c.obj
 .text._ntoa_long_long
                0x100021ec       0xe2 CMakeFiles/main.dir/C_/VSARM/sdk/pico/pico-sdk/src/rp2_common/pico_printf/printf.c.obj
 *fill*         0x100022ce        0x2 
 .text._etoa    0x100022d0      0x414 CMakeFiles/main.dir/C_/VSARM/sdk/pico/pico-sdk/src/rp2_common/pico_printf/printf.c.obj
 .text._ftoa    0x100026e4      0x354 CMakeFiles/main.dir/C_/VSARM/sdk/pico/pico-sdk/src/rp2_common/pico_printf/printf.c.obj
 .text._vsnprintf
                0x10002a38      0x624 CMakeFiles/main.dir/C_/VSARM/sdk/pico/pico-sdk/src/rp2_common/pico_printf/printf.c.obj
 .text.vfctprintf
                0x1000305c       0x20 CMakeFiles/main.dir/C_/VSARM/sdk/pico/pico-sdk/src/rp2_common/pico_printf/printf.c.obj
                0x1000305c                vfctprintf
 .text          0x1000307c       0x10 CMakeFiles/main.dir/C_/VSARM/sdk/pico/pico-sdk/src/rp2_common/pico_bit_ops/bit_ops_aeabi.S.obj
 .text.rom_func_lookup
                0x1000308c       0x10 CMakeFiles/main.dir/C_/VSARM/sdk/pico/pico-sdk/src/rp2_common/pico_bootrom/bootrom.c.obj
                0x1000308c                rom_func_lookup
 .text.rom_data_lookup
                0x1000309c       0x10 CMakeFiles/main.dir/C_/VSARM/sdk/pico/pico-sdk/src/rp2_common/pico_bootrom/bootrom.c.obj
                0x1000309c                rom_data_lookup
 .text.rom_funcs_lookup
                0x100030ac       0x36 CMakeFiles/main.dir/C_/VSARM/sdk/pico/pico-sdk/src/rp2_common/pico_bootrom/bootrom.c.obj
                0x100030ac                rom_funcs_lookup
 *fill*         0x100030e2        0x2 
 .text.__wrap___aeabi_idiv
                0x100030e4       0x50 CMakeFiles/main.dir/C_/VSARM/sdk/pico/pico-sdk/src/rp2_common/pico_divider/divider.S.obj
                0x100030e4                __wrap___aeabi_idivmod
                0x100030e4                divmod_s32s32
                0x100030e4                div_s32s32
                0x100030e4                __wrap___aeabi_idiv
                0x100030ec                divmod_s32s32_unsafe
                0x10003118                divmod_s32s32_savestate
 .text.__wrap___aeabi_uidiv
                0x10003134       0x4c CMakeFiles/main.dir/C_/VSARM/sdk/pico/pico-sdk/src/rp2_common/pico_divider/divider.S.obj
                0x10003134                __wrap___aeabi_uidiv
                0x10003134                __wrap___aeabi_uidivmod
                0x10003134                div_u32u32
                0x10003134                divmod_u32u32
                0x1000313c                divmod_u32u32_unsafe
                0x10003164                divmod_u32u32_savestate
 .text.__wrap___aeabi_ldiv
                0x10003180      0x430 CMakeFiles/main.dir/C_/VSARM/sdk/pico/pico-sdk/src/rp2_common/pico_divider/divider.S.obj
                0x10003180                div_s64s64
                0x10003180                divmod_s64s64
                0x10003180                __wrap___aeabi_ldivmod
                0x100031b8                divmod_u64u64
                0x100031b8                div_u64u64
                0x100031b8                __wrap___aeabi_uldivmod
                0x100031c8                divmod_u64u64_savestate
                0x100031f0                divmod_s64s64_unsafe
                0x10003278                divmod_u64u64_unsafe
 .text.__wrap___aeabi_darithmetic
                0x100035b0       0x80 CMakeFiles/main.dir/C_/VSARM/sdk/pico/pico-sdk/src/rp2_common/pico_double/double_aeabi.S.obj
                0x100035b0                __wrap___aeabi_drsub
                0x100035b6                __wrap___aeabi_dsub
                0x100035c8                __wrap___aeabi_dadd
                0x100035da                __wrap___aeabi_ddiv
                0x10003616                __wrap___aeabi_dmul
 .text.__wrap___aeabi_cdcmple
                0x10003630       0x6c CMakeFiles/main.dir/C_/VSARM/sdk/pico/pico-sdk/src/rp2_common/pico_double/double_aeabi.S.obj
                0x10003630                __wrap___aeabi_cdrcmple
                0x10003640                __wrap___aeabi_cdcmpeq
                0x10003640                __wrap___aeabi_cdcmple
 .text.__wrap___aeabi_dcmplt
                0x1000369c        0xc CMakeFiles/main.dir/C_/VSARM/sdk/pico/pico-sdk/src/rp2_common/pico_double/double_aeabi.S.obj
                0x1000369c                __wrap___aeabi_dcmplt
 .text.__wrap___aeabi_dcmple
                0x100036a8       0x10 CMakeFiles/main.dir/C_/VSARM/sdk/pico/pico-sdk/src/rp2_common/pico_double/double_aeabi.S.obj
                0x100036a8                __wrap___aeabi_dcmple
 .text.__wrap___aeabi_dcmpge
                0x100036b8       0x10 CMakeFiles/main.dir/C_/VSARM/sdk/pico/pico-sdk/src/rp2_common/pico_double/double_aeabi.S.obj
                0x100036b8                __wrap___aeabi_dcmpge
 .text.__wrap___aeabi_dcmpgt
                0x100036c8        0xa CMakeFiles/main.dir/C_/VSARM/sdk/pico/pico-sdk/src/rp2_common/pico_double/double_aeabi.S.obj
                0x100036c8                __wrap___aeabi_dcmpgt
 .text.__wrap___aeabi_dcmpun
                0x100036d2       0x1c CMakeFiles/main.dir/C_/VSARM/sdk/pico/pico-sdk/src/rp2_common/pico_double/double_aeabi.S.obj
                0x100036d2                __wrap___aeabi_dcmpun
 *fill*         0x100036ee        0x2 
 .text.__wrap___aeabi_i2d
                0x100036f0       0x38 CMakeFiles/main.dir/C_/VSARM/sdk/pico/pico-sdk/src/rp2_common/pico_double/double_aeabi.S.obj
                0x100036f0                __wrap___aeabi_ui2d
                0x100036f8                __wrap___aeabi_i2d
 .text.__wrap___aeabi_d2iz
                0x10003728       0x48 CMakeFiles/main.dir/C_/VSARM/sdk/pico/pico-sdk/src/rp2_common/pico_double/double_aeabi.S.obj
                0x10003728                double2int_z
                0x10003728                __wrap___aeabi_d2iz
 .text.__wrap___aeabi_d2uiz
                0x10003770       0x18 CMakeFiles/main.dir/C_/VSARM/sdk/pico/pico-sdk/src/rp2_common/pico_double/double_aeabi.S.obj
                0x10003770                __wrap___aeabi_d2uiz
                0x10003770                double2uint
 .text.__wrap___aeabi_d2f
                0x10003788       0x18 CMakeFiles/main.dir/C_/VSARM/sdk/pico/pico-sdk/src/rp2_common/pico_double/double_aeabi.S.obj
                0x10003788                __wrap___aeabi_d2f
 .text.__aeabi_double_init
                0x100037a0       0xb8 CMakeFiles/main.dir/C_/VSARM/sdk/pico/pico-sdk/src/rp2_common/pico_double/double_init_rom.c.obj
                0x100037a0                __aeabi_double_init
 .text.double_table_shim_on_use_helper
                0x10003858       0x34 CMakeFiles/main.dir/C_/VSARM/sdk/pico/pico-sdk/src/rp2_common/pico_double/double_v1_rom_shim.S.obj
                0x10003858                double_table_shim_on_use_helper
 .text.__wrap___aeabi_dsub
                0x1000388c       0x10 CMakeFiles/main.dir/C_/VSARM/sdk/pico/pico-sdk/src/rp2_common/pico_double/double_v1_rom_shim.S.obj
                0x1000388c                drsub_shim
                0x10003892                dsub_shim
 .text.dadd_shim
                0x1000389c      0x15c CMakeFiles/main.dir/C_/VSARM/sdk/pico/pico-sdk/src/rp2_common/pico_double/double_v1_rom_shim.S.obj
                0x1000389c                dadd_shim
 .text.dmul_shim
                0x100039f8      0x15c CMakeFiles/main.dir/C_/VSARM/sdk/pico/pico-sdk/src/rp2_common/pico_double/double_v1_rom_shim.S.obj
                0x100039f8                dmul_shim
 .text.ddiv_shim
                0x10003b54      0x1b0 CMakeFiles/main.dir/C_/VSARM/sdk/pico/pico-sdk/src/rp2_common/pico_double/double_v1_rom_shim.S.obj
                0x10003b54                ddiv_shim
 .text.dcordic_rot_step
                0x10003d04       0x7c CMakeFiles/main.dir/C_/VSARM/sdk/pico/pico-sdk/src/rp2_common/pico_double/double_v1_rom_shim.S.obj
                0x10003d04                dcordic_rot_step
 .text.double2uint_shim
                0x10003d80        0xe CMakeFiles/main.dir/C_/VSARM/sdk/pico/pico-sdk/src/rp2_common/pico_double/double_v1_rom_shim.S.obj
                0x10003d80                double2uint_shim
                0x10003d82                double2ufix_shim
 *fill*         0x10003d8e        0x2 
 .text.double2uint64_shim
                0x10003d90       0x6c CMakeFiles/main.dir/C_/VSARM/sdk/pico/pico-sdk/src/rp2_common/pico_double/double_v1_rom_shim.S.obj
                0x10003d90                double2uint64_shim
                0x10003d92                double2ufix64_shim
                0x10003dac                d2fix_a
 .text.double2float_shim
                0x10003dfc       0x5c CMakeFiles/main.dir/C_/VSARM/sdk/pico/pico-sdk/src/rp2_common/pico_double/double_v1_rom_shim.S.obj
                0x10003dfc                double2float_shim
 .text.dunpacks
                0x10003e58       0x3c CMakeFiles/main.dir/C_/VSARM/sdk/pico/pico-sdk/src/rp2_common/pico_double/double_v1_rom_shim.S.obj
                0x10003e58                dunpacks
 .text.__aeabi_lmul
                0x10003e94       0x32 CMakeFiles/main.dir/C_/VSARM/sdk/pico/pico-sdk/src/rp2_common/pico_int64_ops/pico_int64_ops_aeabi.S.obj
                0x10003e94                __wrap___aeabi_lmul
 *fill*         0x10003ec6        0x2 
 .text.__wrap___aeabi_farithmetic
                0x10003ec8       0x58 CMakeFiles/main.dir/C_/VSARM/sdk/pico/pico-sdk/src/rp2_common/pico_float/float_aeabi.S.obj
                0x10003ec8                __wrap___aeabi_frsub
                0x10003ece                __wrap___aeabi_fsub
                0x10003ed8                __wrap___aeabi_fadd
                0x10003ee2                __wrap___aeabi_fdiv
                0x10003f0e                __wrap___aeabi_fmul
 .text.__wrap___aeabi_i2f
                0x10003f20       0x44 CMakeFiles/main.dir/C_/VSARM/sdk/pico/pico-sdk/src/rp2_common/pico_float/float_aeabi.S.obj
                0x10003f20                __wrap___aeabi_i2f
 .text.__wrap___aeabi_f2d
                0x10003f64       0x14 CMakeFiles/main.dir/C_/VSARM/sdk/pico/pico-sdk/src/rp2_common/pico_float/float_aeabi.S.obj
                0x10003f64                __wrap___aeabi_f2d
 .text.__aeabi_float_init
                0x10003f78       0xfc CMakeFiles/main.dir/C_/VSARM/sdk/pico/pico-sdk/src/rp2_common/pico_float/float_init_rom.c.obj
                0x10003f78                __aeabi_float_init
 .text.float_table_shim_on_use_helper
                0x10004074       0x34 CMakeFiles/main.dir/C_/VSARM/sdk/pico/pico-sdk/src/rp2_common/pico_float/float_v1_rom_shim.S.obj
                0x10004074                float_table_shim_on_use_helper
 .text.float2double_shim
                0x100040a8       0x30 CMakeFiles/main.dir/C_/VSARM/sdk/pico/pico-sdk/src/rp2_common/pico_float/float_v1_rom_shim.S.obj
                0x100040a8                float2double_shim
 .text          0x100040d8       0x10 CMakeFiles/main.dir/C_/VSARM/sdk/pico/pico-sdk/src/rp2_common/pico_mem_ops/mem_ops_aeabi.S.obj
                0x100040d8                __aeabi_mem_init
 .text.memset   0x100040e8        0xc CMakeFiles/main.dir/C_/VSARM/sdk/pico/pico-sdk/src/rp2_common/pico_mem_ops/mem_ops_aeabi.S.obj
                0x100040e8                __wrap_memset
 .text.memcpy   0x100040f4        0xc CMakeFiles/main.dir/C_/VSARM/sdk/pico/pico-sdk/src/rp2_common/pico_mem_ops/mem_ops_aeabi.S.obj
                0x100040f4                __wrap_memcpy
                0x100040f4                __wrap___aeabi_memcpy
 .text.stdio_out_chars_crlf
                0x10004100       0x80 CMakeFiles/main.dir/C_/VSARM/sdk/pico/pico-sdk/src/rp2_common/pico_stdio/stdio.c.obj
 .text.stdio_stack_buffer_flush
                0x10004180       0x44 CMakeFiles/main.dir/C_/VSARM/sdk/pico/pico-sdk/src/rp2_common/pico_stdio/stdio.c.obj
 .text.stdio_buffered_printer
                0x100041c4       0x20 CMakeFiles/main.dir/C_/VSARM/sdk/pico/pico-sdk/src/rp2_common/pico_stdio/stdio.c.obj
 .text.stdout_serialize_begin
                0x100041e4       0x30 CMakeFiles/main.dir/C_/VSARM/sdk/pico/pico-sdk/src/rp2_common/pico_stdio/stdio.c.obj
                0x100041e4                stdout_serialize_begin
 .text.stdout_serialize_end
                0x10004214       0x10 CMakeFiles/main.dir/C_/VSARM/sdk/pico/pico-sdk/src/rp2_common/pico_stdio/stdio.c.obj
                0x10004214                stdout_serialize_end
 .text.stdio_put_string
                0x10004224       0x84 CMakeFiles/main.dir/C_/VSARM/sdk/pico/pico-sdk/src/rp2_common/pico_stdio/stdio.c.obj
 .text.stdio_set_driver_enabled
                0x100042a8       0x38 CMakeFiles/main.dir/C_/VSARM/sdk/pico/pico-sdk/src/rp2_common/pico_stdio/stdio.c.obj
                0x100042a8                stdio_set_driver_enabled
 .text.stdio_flush
                0x100042e0       0x20 CMakeFiles/main.dir/C_/VSARM/sdk/pico/pico-sdk/src/rp2_common/pico_stdio/stdio.c.obj
                0x100042e0                stdio_flush
 .text.__wrap_puts
                0x10004300       0x1c CMakeFiles/main.dir/C_/VSARM/sdk/pico/pico-sdk/src/rp2_common/pico_stdio/stdio.c.obj
                0x10004300                __wrap_puts
 .text.__wrap_vprintf
                0x1000431c       0x44 CMakeFiles/main.dir/C_/VSARM/sdk/pico/pico-sdk/src/rp2_common/pico_stdio/stdio.c.obj
                0x1000431c                __wrap_vprintf
 .text.__wrap_printf
                0x10004360       0x18 CMakeFiles/main.dir/C_/VSARM/sdk/pico/pico-sdk/src/rp2_common/pico_stdio/stdio.c.obj
                0x10004360                __wrap_printf
 .text.stdio_init_all
                0x10004378        0x8 CMakeFiles/main.dir/C_/VSARM/sdk/pico/pico-sdk/src/rp2_common/pico_stdio/stdio.c.obj
                0x10004378                stdio_init_all
 .text.stdio_uart_out_chars
                0x10004380       0x74 CMakeFiles/main.dir/C_/VSARM/sdk/pico/pico-sdk/src/rp2_common/pico_stdio_uart/stdio_uart.c.obj
 .text.stdio_uart_in_chars
                0x100043f4       0x58 CMakeFiles/main.dir/C_/VSARM/sdk/pico/pico-sdk/src/rp2_common/pico_stdio_uart/stdio_uart.c.obj
                0x100043f4                stdio_uart_in_chars
 .text.stdio_uart_init_full
                0x1000444c       0x3c CMakeFiles/main.dir/C_/VSARM/sdk/pico/pico-sdk/src/rp2_common/pico_stdio_uart/stdio_uart.c.obj
                0x1000444c                stdio_uart_init_full
 .text.stdio_uart_init
                0x10004488       0x28 CMakeFiles/main.dir/C_/VSARM/sdk/pico/pico-sdk/src/rp2_common/pico_stdio_uart/stdio_uart.c.obj
                0x10004488                stdio_uart_init
 .text.adc_init
                0x100044b0       0x34 CMakeFiles/main.dir/C_/VSARM/sdk/pico/pico-sdk/src/rp2_common/hardware_adc/adc.c.obj
                0x100044b0                adc_init
 .text.strlen   0x100044e4       0x5c c:/vsarm/armcc/102021~1.07/bin/../lib/gcc/arm-none-eabi/10.3.1/../../../../arm-none-eabi/lib/thumb/v6-m/nofp\libg.a(lib_a-strlen-stub.o)
                0x100044e4                strlen
 *(.fini)
 .fini          0x10004540        0x4 c:/vsarm/armcc/102021~1.07/bin/../lib/gcc/arm-none-eabi/10.3.1/thumb/v6-m/nofp/crti.o
                0x10004540                _fini
 *fill*         0x10004544        0x4 
 .fini.__stub   0x10004548       0x50 linker stubs
 *crtbegin.o(.ctors)
 *crtbegin?.o(.ctors)
 *(EXCLUDE_FILE(*crtend.o *crtend?.o) .ctors)
 *(SORT_BY_NAME(.ctors.*))
 *(.ctors)
 *crtbegin.o(.dtors)
 *crtbegin?.o(.dtors)
 *(EXCLUDE_FILE(*crtend.o *crtend?.o) .dtors)
 *(SORT_BY_NAME(.dtors.*))
 *(.dtors)
 *(.eh_frame*)
 .eh_frame      0x10004598        0x0 c:/vsarm/armcc/102021~1.07/bin/../lib/gcc/arm-none-eabi/10.3.1/thumb/v6-m/nofp/crtbegin.o
                0x10004598                . = ALIGN (0x4)

.glue_7         0x10004598        0x0
 .glue_7        0x10004598        0x0 linker stubs

.glue_7t        0x10004598        0x0
 .glue_7t       0x10004598        0x0 linker stubs

.vfp11_veneer   0x10004598        0x0
 .vfp11_veneer  0x10004598        0x0 linker stubs

.v4_bx          0x10004598        0x0
 .v4_bx         0x10004598        0x0 linker stubs

.iplt           0x10004598        0x0
 .iplt          0x10004598        0x0 c:/vsarm/armcc/102021~1.07/bin/../lib/gcc/arm-none-eabi/10.3.1/thumb/v6-m/nofp/crtbegin.o

.rodata         0x10004598      0xe08
 *(EXCLUDE_FILE(*libm.a: *libc.a:*lib_a-mem*.o *libgcc.a:) .rodata*)
 .rodata.main.str1.4
                0x10004598        0x8 CMakeFiles/main.dir/main.c.obj
 .rodata.repeating_timer_callback.str1.4
                0x100045a0       0x4b CMakeFiles/main.dir/C_/VSARM/sdk/pico/pico-sdk/src/common/pico_time/time.c.obj
 *fill*         0x100045eb        0x1 
 .rodata.alarm_pool_dump_key.str1.4
                0x100045ec       0x33 CMakeFiles/main.dir/C_/VSARM/sdk/pico/pico-sdk/src/common/pico_time/time.c.obj
 *fill*         0x1000461f        0x1 
 .rodata.ph_add_child_node.str1.4
                0x10004620       0x96 CMakeFiles/main.dir/C_/VSARM/sdk/pico/pico-sdk/src/common/pico_time/time.c.obj
 *fill*         0x100046b6        0x2 
 .rodata.add_alarm_under_lock.str1.4
                0x100046b8       0x28 CMakeFiles/main.dir/C_/VSARM/sdk/pico/pico-sdk/src/common/pico_time/time.c.obj
                                 0x2b (size before relaxing)
 .rodata.alarm_pool_alarm_callback.str1.4
                0x100046e0       0xe6 CMakeFiles/main.dir/C_/VSARM/sdk/pico/pico-sdk/src/common/pico_time/time.c.obj
 *fill*         0x100047c6        0x2 
 .rodata.alarm_pool_get_default.str1.4
                0x100047c8       0x21 CMakeFiles/main.dir/C_/VSARM/sdk/pico/pico-sdk/src/common/pico_time/time.c.obj
 *fill*         0x100047e9        0x3 
 .rodata.sleep_until.str1.4
                0x100047ec       0x4d CMakeFiles/main.dir/C_/VSARM/sdk/pico/pico-sdk/src/common/pico_time/time.c.obj
 *fill*         0x10004839        0x3 
 .rodata.__func__.10
                0x1000483c       0x15 CMakeFiles/main.dir/C_/VSARM/sdk/pico/pico-sdk/src/common/pico_time/time.c.obj
 *fill*         0x10004851        0x3 
 .rodata.__func__.11
                0x10004854       0x1a CMakeFiles/main.dir/C_/VSARM/sdk/pico/pico-sdk/src/common/pico_time/time.c.obj
 *fill*         0x1000486e        0x2 
 .rodata.__func__.12
                0x10004870        0xa CMakeFiles/main.dir/C_/VSARM/sdk/pico/pico-sdk/src/common/pico_time/time.c.obj
 *fill*         0x1000487a        0x2 
 .rodata.__func__.3
                0x1000487c       0x17 CMakeFiles/main.dir/C_/VSARM/sdk/pico/pico-sdk/src/common/pico_time/time.c.obj
 *fill*         0x10004893        0x1 
 .rodata.__func__.4
                0x10004894       0x12 CMakeFiles/main.dir/C_/VSARM/sdk/pico/pico-sdk/src/common/pico_time/time.c.obj
 *fill*         0x100048a6        0x2 
 .rodata.__func__.5
                0x100048a8        0xd CMakeFiles/main.dir/C_/VSARM/sdk/pico/pico-sdk/src/common/pico_time/time.c.obj
 *fill*         0x100048b5        0x3 
 .rodata.__func__.6
                0x100048b8       0x12 CMakeFiles/main.dir/C_/VSARM/sdk/pico/pico-sdk/src/common/pico_time/time.c.obj
 *fill*         0x100048ca        0x2 
 .rodata.__func__.7
                0x100048cc        0xf CMakeFiles/main.dir/C_/VSARM/sdk/pico/pico-sdk/src/common/pico_time/time.c.obj
 *fill*         0x100048db        0x1 
 .rodata.__func__.8
                0x100048dc        0xc CMakeFiles/main.dir/C_/VSARM/sdk/pico/pico-sdk/src/common/pico_time/time.c.obj
 .rodata.__func__.9
                0x100048e8       0x15 CMakeFiles/main.dir/C_/VSARM/sdk/pico/pico-sdk/src/common/pico_time/time.c.obj
 *fill*         0x100048fd        0x3 
 .rodata.hardware_alarm_claim.str1.4
                0x10004900       0x22 CMakeFiles/main.dir/C_/VSARM/sdk/pico/pico-sdk/src/rp2_common/hardware_timer/timer.c.obj
 *fill*         0x10004922        0x2 
 .rodata.hardware_alarm_set_target.str1.4
                0x10004924       0x65 CMakeFiles/main.dir/C_/VSARM/sdk/pico/pico-sdk/src/rp2_common/hardware_timer/timer.c.obj
 *fill*         0x10004989        0x3 
 .rodata.__func__.0
                0x1000498c       0x1a CMakeFiles/main.dir/C_/VSARM/sdk/pico/pico-sdk/src/rp2_common/hardware_timer/timer.c.obj
 *fill*         0x100049a6        0x2 
 .rodata.str1.4
                0x100049a8       0xb1 CMakeFiles/main.dir/C_/VSARM/sdk/pico/pico-sdk/src/common/pico_sync/mutex.c.obj
                                0x115 (size before relaxing)
 *fill*         0x10004a59        0x3 
 .rodata.__func__.0
                0x10004a5c        0xb CMakeFiles/main.dir/C_/VSARM/sdk/pico/pico-sdk/src/common/pico_sync/mutex.c.obj
 *fill*         0x10004a67        0x1 
 .rodata.__func__.3
                0x10004a68       0x15 CMakeFiles/main.dir/C_/VSARM/sdk/pico/pico-sdk/src/common/pico_sync/mutex.c.obj
 .rodata.ph_add_child_node.str1.4
                0x10004a7d       0x96 CMakeFiles/main.dir/C_/VSARM/sdk/pico/pico-sdk/src/common/pico_util/pheap.c.obj
 *fill*         0x10004a7d        0x3 
 .rodata.ph_remove_any_head.str1.4
                0x10004a80       0x8c CMakeFiles/main.dir/C_/VSARM/sdk/pico/pico-sdk/src/common/pico_util/pheap.c.obj
 .rodata.ph_remove_and_free_node.str1.4
                0x10004b0c       0x26 CMakeFiles/main.dir/C_/VSARM/sdk/pico/pico-sdk/src/common/pico_util/pheap.c.obj
 *fill*         0x10004b32        0x2 
 .rodata.__func__.0
                0x10004b34       0x18 CMakeFiles/main.dir/C_/VSARM/sdk/pico/pico-sdk/src/common/pico_util/pheap.c.obj
 .rodata.__func__.1
                0x10004b4c       0x13 CMakeFiles/main.dir/C_/VSARM/sdk/pico/pico-sdk/src/common/pico_util/pheap.c.obj
 *fill*         0x10004b5f        0x1 
 .rodata.__func__.2
                0x10004b60       0x12 CMakeFiles/main.dir/C_/VSARM/sdk/pico/pico-sdk/src/common/pico_util/pheap.c.obj
 *fill*         0x10004b72        0x2 
 .rodata.__func__.3
                0x10004b74        0xc CMakeFiles/main.dir/C_/VSARM/sdk/pico/pico-sdk/src/common/pico_util/pheap.c.obj
 .rodata.__assert_func.str1.4
                0x10004b80       0x3f CMakeFiles/main.dir/C_/VSARM/sdk/pico/pico-sdk/src/rp2_common/pico_runtime/runtime.c.obj
                                 0x43 (size before relaxing)
 *fill*         0x10004bbf        0x1 
 .rodata.panic.str1.4
                0x10004bc0       0x12 CMakeFiles/main.dir/C_/VSARM/sdk/pico/pico-sdk/src/rp2_common/pico_runtime/runtime.c.obj
 *fill*         0x10004bd2        0x2 
 .rodata.clock_configure.str1.4
                0x10004bd4       0x57 CMakeFiles/main.dir/C_/VSARM/sdk/pico/pico-sdk/src/rp2_common/hardware_clocks/clocks.c.obj
 *fill*         0x10004c2b        0x1 
 .rodata.__func__.1
                0x10004c2c       0x10 CMakeFiles/main.dir/C_/VSARM/sdk/pico/pico-sdk/src/rp2_common/hardware_clocks/clocks.c.obj
 .rodata.make_branch.str1.4
                0x10004c3c       0x4d CMakeFiles/main.dir/C_/VSARM/sdk/pico/pico-sdk/src/rp2_common/hardware_irq/irq.c.obj
 *fill*         0x10004c89        0x3 
 .rodata.irq_set_exclusive_handler.str1.4
                0x10004c8c       0x36 CMakeFiles/main.dir/C_/VSARM/sdk/pico/pico-sdk/src/rp2_common/hardware_irq/irq.c.obj
 *fill*         0x10004cc2        0x2 
 .rodata.irq_add_shared_handler.str1.4
                0x10004cc4       0xd9 CMakeFiles/main.dir/C_/VSARM/sdk/pico/pico-sdk/src/rp2_common/hardware_irq/irq.c.obj
 *fill*         0x10004d9d        0x3 
 .rodata.irq_remove_handler.str1.4
                0x10004da0       0x2a CMakeFiles/main.dir/C_/VSARM/sdk/pico/pico-sdk/src/rp2_common/hardware_irq/irq.c.obj
 *fill*         0x10004dca        0x2 
 .rodata.irq_add_tail_to_free_list.str1.4
                0x10004dcc       0x32 CMakeFiles/main.dir/C_/VSARM/sdk/pico/pico-sdk/src/rp2_common/hardware_irq/irq.c.obj
                                 0x3a (size before relaxing)
 *fill*         0x10004dfe        0x2 
 .rodata.__func__.0
                0x10004e00       0x1a CMakeFiles/main.dir/C_/VSARM/sdk/pico/pico-sdk/src/rp2_common/hardware_irq/irq.c.obj
 *fill*         0x10004e1a        0x2 
 .rodata.__func__.1
                0x10004e1c       0x17 CMakeFiles/main.dir/C_/VSARM/sdk/pico/pico-sdk/src/rp2_common/hardware_irq/irq.c.obj
 *fill*         0x10004e33        0x1 
 .rodata.__func__.2
                0x10004e34       0x13 CMakeFiles/main.dir/C_/VSARM/sdk/pico/pico-sdk/src/rp2_common/hardware_irq/irq.c.obj
 *fill*         0x10004e47        0x1 
 .rodata.__func__.3
                0x10004e48        0xc CMakeFiles/main.dir/C_/VSARM/sdk/pico/pico-sdk/src/rp2_common/hardware_irq/irq.c.obj
 .rodata.__func__.4
                0x10004e54        0xf CMakeFiles/main.dir/C_/VSARM/sdk/pico/pico-sdk/src/rp2_common/hardware_irq/irq.c.obj
 *fill*         0x10004e63        0x1 
 .rodata.__func__.6
                0x10004e64       0x1a CMakeFiles/main.dir/C_/VSARM/sdk/pico/pico-sdk/src/rp2_common/hardware_irq/irq.c.obj
 *fill*         0x10004e7e        0x2 
 .rodata.pll_init.str1.4
                0x10004e80       0xdb CMakeFiles/main.dir/C_/VSARM/sdk/pico/pico-sdk/src/rp2_common/hardware_pll/pll.c.obj
 *fill*         0x10004f5b        0x1 
 .rodata.__func__.0
                0x10004f5c        0x9 CMakeFiles/main.dir/C_/VSARM/sdk/pico/pico-sdk/src/rp2_common/hardware_pll/pll.c.obj
 *fill*         0x10004f65        0x3 
 .rodata._ftoa.str1.4
                0x10004f68       0x15 CMakeFiles/main.dir/C_/VSARM/sdk/pico/pico-sdk/src/rp2_common/pico_printf/printf.c.obj
 *fill*         0x10004f7d        0x3 
 .rodata._vsnprintf
                0x10004f80      0x1e0 CMakeFiles/main.dir/C_/VSARM/sdk/pico/pico-sdk/src/rp2_common/pico_printf/printf.c.obj
 .rodata.pow10.0
                0x10005160       0x50 CMakeFiles/main.dir/C_/VSARM/sdk/pico/pico-sdk/src/rp2_common/pico_printf/printf.c.obj
 .rodata.__aeabi_double_init.str1.4
                0x100051b0       0xa8 CMakeFiles/main.dir/C_/VSARM/sdk/pico/pico-sdk/src/rp2_common/pico_double/double_init_rom.c.obj
 .rodata.__func__.0
                0x10005258       0x14 CMakeFiles/main.dir/C_/VSARM/sdk/pico/pico-sdk/src/rp2_common/pico_double/double_init_rom.c.obj
 .rodata.__aeabi_float_init.str1.4
                0x1000526c       0x7a CMakeFiles/main.dir/C_/VSARM/sdk/pico/pico-sdk/src/rp2_common/pico_float/float_init_rom.c.obj
                                 0x7e (size before relaxing)
 *fill*         0x100052e6        0x2 
 .rodata.__func__.0
                0x100052e8       0x13 CMakeFiles/main.dir/C_/VSARM/sdk/pico/pico-sdk/src/rp2_common/pico_float/float_init_rom.c.obj
 *fill*         0x100052fb        0x1 
 .rodata.str1.4
                0x100052fc       0x3c CMakeFiles/main.dir/C_/VSARM/sdk/pico/pico-sdk/src/rp2_common/pico_standard_link/binary_info.c.obj
 .rodata.__bi_44
                0x10005338        0xc CMakeFiles/main.dir/C_/VSARM/sdk/pico/pico-sdk/src/rp2_common/pico_standard_link/binary_info.c.obj
 .rodata.__bi_75
                0x10005344        0xc CMakeFiles/main.dir/C_/VSARM/sdk/pico/pico-sdk/src/rp2_common/pico_standard_link/binary_info.c.obj
 .rodata.__bi_81
                0x10005350        0xc CMakeFiles/main.dir/C_/VSARM/sdk/pico/pico-sdk/src/rp2_common/pico_standard_link/binary_info.c.obj
 .rodata.crlf_str.3
                0x1000535c        0x2 CMakeFiles/main.dir/C_/VSARM/sdk/pico/pico-sdk/src/rp2_common/pico_stdio/stdio.c.obj
 *fill*         0x1000535e        0x2 
 .rodata.str1.4
                0x10005360       0x2c CMakeFiles/main.dir/C_/VSARM/sdk/pico/pico-sdk/src/rp2_common/pico_stdio_uart/stdio_uart.c.obj
 .rodata.__bi_28.4
                0x1000538c        0xc CMakeFiles/main.dir/C_/VSARM/sdk/pico/pico-sdk/src/rp2_common/pico_stdio_uart/stdio_uart.c.obj
 .rodata.__bi_29.5
                0x10005398        0x8 CMakeFiles/main.dir/C_/VSARM/sdk/pico/pico-sdk/src/rp2_common/pico_stdio_uart/stdio_uart.c.obj
                0x100053a0                . = ALIGN (0x4)
 *(SORT_BY_ALIGNMENT(SORT_BY_NAME(.flashdata*)))
                0x100053a0                . = ALIGN (0x4)

.rel.dyn        0x100053a0        0x0
 .rel.iplt      0x100053a0        0x0 c:/vsarm/armcc/102021~1.07/bin/../lib/gcc/arm-none-eabi/10.3.1/thumb/v6-m/nofp/crtbegin.o

.ARM.extab
 *(.ARM.extab* .gnu.linkonce.armextab.*)
                0x100053a0                __exidx_start = .

.ARM.exidx
 *(.ARM.exidx* .gnu.linkonce.armexidx.*)
                0x100053a0                __exidx_end = .
                0x100053a0                . = ALIGN (0x4)
                0x100053a0                __binary_info_start = .

.binary_info    0x100053a0       0x24
 *(.binary_info.keep.*)
 .binary_info.keep.__bi_ptr22
                0x100053a0        0x4 CMakeFiles/main.dir/C_/VSARM/sdk/pico/pico-sdk/src/rp2_common/pico_standard_link/binary_info.c.obj
 .binary_info.keep.__bi_ptr30
                0x100053a4        0x4 CMakeFiles/main.dir/C_/VSARM/sdk/pico/pico-sdk/src/rp2_common/pico_standard_link/binary_info.c.obj
 .binary_info.keep.__bi_ptr38
                0x100053a8        0x4 CMakeFiles/main.dir/C_/VSARM/sdk/pico/pico-sdk/src/rp2_common/pico_standard_link/binary_info.c.obj
 .binary_info.keep.__bi_ptr44
                0x100053ac        0x4 CMakeFiles/main.dir/C_/VSARM/sdk/pico/pico-sdk/src/rp2_common/pico_standard_link/binary_info.c.obj
 .binary_info.keep.__bi_ptr50
                0x100053b0        0x4 CMakeFiles/main.dir/C_/VSARM/sdk/pico/pico-sdk/src/rp2_common/pico_standard_link/binary_info.c.obj
 .binary_info.keep.__bi_ptr75
                0x100053b4        0x4 CMakeFiles/main.dir/C_/VSARM/sdk/pico/pico-sdk/src/rp2_common/pico_standard_link/binary_info.c.obj
 .binary_info.keep.__bi_ptr81
                0x100053b8        0x4 CMakeFiles/main.dir/C_/VSARM/sdk/pico/pico-sdk/src/rp2_common/pico_standard_link/binary_info.c.obj
 *(.binary_info.*)
 .binary_info.__bi_ptr28
                0x100053bc        0x4 CMakeFiles/main.dir/C_/VSARM/sdk/pico/pico-sdk/src/rp2_common/pico_stdio_uart/stdio_uart.c.obj
 .binary_info.__bi_ptr29
                0x100053c0        0x4 CMakeFiles/main.dir/C_/VSARM/sdk/pico/pico-sdk/src/rp2_common/pico_stdio_uart/stdio_uart.c.obj
                0x100053c4                __binary_info_end = .
                0x100053c4                . = ALIGN (0x4)
                0x100053c4                __etext = .

.ram_vector_table
                0x20000000       0xc0
 *(.ram_vector_table)
 .ram_vector_table
                0x20000000       0xc0 CMakeFiles/main.dir/C_/VSARM/sdk/pico/pico-sdk/src/rp2_common/pico_runtime/runtime.c.obj
                0x20000000                ram_vector_table

.data           0x200000c0      0x260 load address 0x100053c4
                0x200000c0                __data_start__ = .
 *(vtable)
 *(.time_critical*)
 .time_critical.mutex_enter_blocking
                0x200000c0       0x94 CMakeFiles/main.dir/C_/VSARM/sdk/pico/pico-sdk/src/common/pico_sync/mutex.c.obj
                0x200000c0                mutex_enter_blocking
 .time_critical.mutex_try_enter
                0x20000154       0x5a CMakeFiles/main.dir/C_/VSARM/sdk/pico/pico-sdk/src/common/pico_sync/mutex.c.obj
                0x20000154                mutex_try_enter
 *fill*         0x200001ae        0x2 
 .time_critical.mutex_exit
                0x200001b0       0x94 CMakeFiles/main.dir/C_/VSARM/sdk/pico/pico-sdk/src/common/pico_sync/mutex.c.obj
                0x200001b0                mutex_exit
 *(.text*)
 .text          0x20000244        0x4 c:/vsarm/armcc/102021~1.07/bin/../lib/gcc/arm-none-eabi/10.3.1/thumb/v6-m/nofp\libgcc.a(_dvmd_tls.o)
                0x20000244                __aeabi_idiv0
                0x20000244                __aeabi_ldiv0
 .text.__stub   0x20000248       0x10 linker stubs
                0x20000258                . = ALIGN (0x4)
 *(.rodata*)
                0x20000258                . = ALIGN (0x4)
 *(.data*)
 .data.striped_spin_lock_num
                0x20000258        0x1 CMakeFiles/main.dir/C_/VSARM/sdk/pico/pico-sdk/src/rp2_common/hardware_sync/sync.c.obj
 *fill*         0x20000259        0x3 
 .data.default_alarm_pool
                0x2000025c       0x18 CMakeFiles/main.dir/C_/VSARM/sdk/pico/pico-sdk/src/common/pico_time/time.c.obj
 .data.default_alarm_pool_heap
                0x20000274       0x10 CMakeFiles/main.dir/C_/VSARM/sdk/pico/pico-sdk/src/common/pico_time/time.c.obj
 .data          0x20000284       0x48 CMakeFiles/main.dir/C_/VSARM/sdk/pico/pico-sdk/src/rp2_common/hardware_irq/irq_handler_chain.S.obj
                0x20000284                irq_handler_chain_slots
                0x200002b4                irq_handler_chain_first_slot
                0x200002be                irq_handler_chain_remove_tail
 *fill*         0x200002cc        0x4 
 .data.aeabi_bits_funcs
                0x200002d0       0x10 CMakeFiles/main.dir/C_/VSARM/sdk/pico/pico-sdk/src/rp2_common/pico_bit_ops/bit_ops_aeabi.S.obj
                0x200002d0                aeabi_bits_funcs
                0x200002e0                aeabi_bits_funcs_end
 .data.aeabi_mem_funcs
                0x200002e0       0x10 CMakeFiles/main.dir/C_/VSARM/sdk/pico/pico-sdk/src/rp2_common/pico_mem_ops/mem_ops_aeabi.S.obj
                0x200002e0                aeabi_mem_funcs
                0x200002f0                aeabi_mem_funcs_end
 .data.stdio_uart
                0x200002f0       0x14 CMakeFiles/main.dir/C_/VSARM/sdk/pico/pico-sdk/src/rp2_common/pico_stdio_uart/stdio_uart.c.obj
                0x200002f0                stdio_uart
                0x20000304                . = ALIGN (0x4)
 *(.after_data.*)
                0x20000304                . = ALIGN (0x4)
                0x20000304                PROVIDE (__mutex_array_start = .)
 *(SORT_BY_NAME(.mutex_array.*))
 *(.mutex_array)
 .mutex_array   0x20000304        0x8 CMakeFiles/main.dir/C_/VSARM/sdk/pico/pico-sdk/src/rp2_common/pico_stdio/stdio.c.obj
                0x2000030c                PROVIDE (__mutex_array_end = .)
                0x2000030c                . = ALIGN (0x4)
                0x2000030c                PROVIDE (__preinit_array_start = .)
 *(SORT_BY_NAME(.preinit_array.*))
 .preinit_array.00001
                0x2000030c        0x4 CMakeFiles/main.dir/C_/VSARM/sdk/pico/pico-sdk/src/rp2_common/pico_mem_ops/mem_ops_aeabi.S.obj
 .preinit_array.00010
                0x20000310        0x4 CMakeFiles/main.dir/C_/VSARM/sdk/pico/pico-sdk/src/rp2_common/pico_bit_ops/bit_ops_aeabi.S.obj
 .preinit_array.00020
                0x20000314        0x4 CMakeFiles/main.dir/C_/VSARM/sdk/pico/pico-sdk/src/rp2_common/pico_double/double_aeabi.S.obj
 .preinit_array.00020
                0x20000318        0x4 CMakeFiles/main.dir/C_/VSARM/sdk/pico/pico-sdk/src/rp2_common/pico_float/float_aeabi.S.obj
 *(.preinit_array)
                0x2000031c                PROVIDE (__preinit_array_end = .)
                0x2000031c                . = ALIGN (0x4)
                0x2000031c                PROVIDE (__init_array_start = .)
 *(SORT_BY_NAME(.init_array.*))
 *(.init_array)
 .init_array    0x2000031c        0x4 c:/vsarm/armcc/102021~1.07/bin/../lib/gcc/arm-none-eabi/10.3.1/thumb/v6-m/nofp/crtbegin.o
                0x20000320                PROVIDE (__init_array_end = .)
                0x20000320                . = ALIGN (0x4)
                [!provide]                PROVIDE (__fini_array_start = .)
 *(SORT_BY_NAME(.fini_array.*))
 *(.fini_array)
                [!provide]                PROVIDE (__fini_array_end = .)
 *(.jcr)
                0x20000320                . = ALIGN (0x4)
                0x20000320                __data_end__ = .

.igot.plt       0x20000320        0x0 load address 0x10005624
 .igot.plt      0x20000320        0x0 c:/vsarm/armcc/102021~1.07/bin/../lib/gcc/arm-none-eabi/10.3.1/thumb/v6-m/nofp/crtbegin.o

.uninitialized_data
                0x20000320        0x0 load address 0x10005624
                0x20000320                . = ALIGN (0x4)
 *(.uninitialized_data*)

.scratch_x      0x20040000        0x0 load address 0x10005624
                0x20040000                __scratch_x_start__ = .
 *(.scratch_x.*)
                0x20040000                . = ALIGN (0x4)
                0x20040000                __scratch_x_end__ = .
                0x10005624                __scratch_x_source__ = LOADADDR (.scratch_x)

.scratch_y      0x20041000        0x0 load address 0x10005624
                0x20041000                __scratch_y_start__ = .
 *(.scratch_y.*)
                0x20041000                . = ALIGN (0x4)
                0x20041000                __scratch_y_end__ = .
                0x10005624                __scratch_y_source__ = LOADADDR (.scratch_y)

.bss            0x20000320      0x3d0
                0x20000320                . = ALIGN (0x4)
                0x20000320                __bss_start__ = .
 *(SORT_BY_ALIGNMENT(SORT_BY_NAME(.bss*)))
 .bss.default_alarm_pool_entries
                0x20000320      0x100 CMakeFiles/main.dir/C_/VSARM/sdk/pico/pico-sdk/src/common/pico_time/time.c.obj
 .bss           0x20000420       0x1c c:/vsarm/armcc/102021~1.07/bin/../lib/gcc/arm-none-eabi/10.3.1/thumb/v6-m/nofp/crtbegin.o
 .bss.alarm_callbacks
                0x2000043c       0x10 CMakeFiles/main.dir/C_/VSARM/sdk/pico/pico-sdk/src/rp2_common/hardware_timer/timer.c.obj
 .bss.configured_freq
                0x2000044c       0x28 CMakeFiles/main.dir/C_/VSARM/sdk/pico/pico-sdk/src/rp2_common/hardware_clocks/clocks.c.obj
 .bss.default_alarm_pool_entry_ids_high
                0x20000474       0x10 CMakeFiles/main.dir/C_/VSARM/sdk/pico/pico-sdk/src/common/pico_time/time.c.obj
 .bss.default_alarm_pool_heap_nodes
                0x20000484       0x30 CMakeFiles/main.dir/C_/VSARM/sdk/pico/pico-sdk/src/common/pico_time/time.c.obj
 .bss.drivers   0x200004b4        0x4 CMakeFiles/main.dir/C_/VSARM/sdk/pico/pico-sdk/src/rp2_common/pico_stdio/stdio.c.obj
 .bss.filter    0x200004b8        0x4 CMakeFiles/main.dir/C_/VSARM/sdk/pico/pico-sdk/src/rp2_common/pico_stdio/stdio.c.obj
 .bss.pools     0x200004bc       0x10 CMakeFiles/main.dir/C_/VSARM/sdk/pico/pico-sdk/src/common/pico_time/time.c.obj
 .bss.sd_table  0x200004cc      0x100 CMakeFiles/main.dir/C_/VSARM/sdk/pico/pico-sdk/src/rp2_common/pico_double/double_init_rom.c.obj
                0x200004cc                sd_table
 .bss.sf_clz_func
                0x200005cc        0x4 CMakeFiles/main.dir/C_/VSARM/sdk/pico/pico-sdk/src/rp2_common/pico_float/float_init_rom.c.obj
                0x200005cc                sf_clz_func
 .bss.sf_table  0x200005d0      0x100 CMakeFiles/main.dir/C_/VSARM/sdk/pico/pico-sdk/src/rp2_common/pico_float/float_init_rom.c.obj
                0x200005d0                sf_table
 .bss.sleep_notifier
                0x200006d0        0x4 CMakeFiles/main.dir/C_/VSARM/sdk/pico/pico-sdk/src/common/pico_time/time.c.obj
 .bss.target_hi
                0x200006d4       0x10 CMakeFiles/main.dir/C_/VSARM/sdk/pico/pico-sdk/src/rp2_common/hardware_timer/timer.c.obj
 .bss.uart_char_to_line_feed
                0x200006e4        0x4 CMakeFiles/main.dir/C_/VSARM/sdk/pico/pico-sdk/src/rp2_common/hardware_uart/uart.c.obj
                0x200006e4                uart_char_to_line_feed
 .bss.uart_instance
                0x200006e8        0x4 CMakeFiles/main.dir/C_/VSARM/sdk/pico/pico-sdk/src/rp2_common/pico_stdio_uart/stdio_uart.c.obj
 .bss.claimed   0x200006ec        0x1 CMakeFiles/main.dir/C_/VSARM/sdk/pico/pico-sdk/src/rp2_common/hardware_timer/timer.c.obj
 .bss.irq_hander_chain_free_slot_head
                0x200006ed        0x1 CMakeFiles/main.dir/C_/VSARM/sdk/pico/pico-sdk/src/rp2_common/hardware_irq/irq.c.obj
 .bss.timer_callbacks_pending
                0x200006ee        0x1 CMakeFiles/main.dir/C_/VSARM/sdk/pico/pico-sdk/src/rp2_common/hardware_timer/timer.c.obj
 *(COMMON)
                0x200006f0                . = ALIGN (0x4)
 *fill*         0x200006ef        0x1 
                0x200006f0                __bss_end__ = .

.heap           0x200006f0      0x800
                0x200006f0                __end__ = .
                0x200006f0                end = __end__
 *(.heap*)
 .heap          0x200006f0      0x800 CMakeFiles/main.dir/C_/VSARM/sdk/pico/pico-sdk/src/rp2_common/pico_standard_link/crt0.S.obj
                0x20000ef0                __HeapLimit = .

.stack1_dummy   0x20040000        0x0
 *(.stack1*)

.stack_dummy    0x20041000      0x800
 *(.stack*)
 .stack         0x20041000      0x800 CMakeFiles/main.dir/C_/VSARM/sdk/pico/pico-sdk/src/rp2_common/pico_standard_link/crt0.S.obj

.flash_end      0x10005624        0x0
                0x10005624                __flash_binary_end = .
                0x20040000                __StackLimit = (ORIGIN (RAM) + LENGTH (RAM))
                0x20041000                __StackOneTop = (ORIGIN (SCRATCH_X) + LENGTH (SCRATCH_X))
                0x20042000                __StackTop = (ORIGIN (SCRATCH_Y) + LENGTH (SCRATCH_Y))
                0x20041000                __StackOneBottom = (__StackOneTop - SIZEOF (.stack1_dummy))
                0x20041800                __StackBottom = (__StackTop - SIZEOF (.stack_dummy))
                0x20042000                PROVIDE (__stack = __StackTop)
                0x00000001                ASSERT ((__StackLimit >= __HeapLimit), region RAM overflowed)
                0x00000001                ASSERT (((__binary_info_header_end - __logical_binary_start) <= 0x100), Binary info must be in first 256 bytes of the binary)
LOAD CMakeFiles/main.dir/main.c.obj
LOAD CMakeFiles/main.dir/C_/VSARM/sdk/pico/pico-sdk/src/rp2_common/pico_stdlib/stdlib.c.obj
LOAD CMakeFiles/main.dir/C_/VSARM/sdk/pico/pico-sdk/src/rp2_common/hardware_gpio/gpio.c.obj
LOAD CMakeFiles/main.dir/C_/VSARM/sdk/pico/pico-sdk/src/rp2_common/hardware_claim/claim.c.obj
LOAD CMakeFiles/main.dir/C_/VSARM/sdk/pico/pico-sdk/src/rp2_common/pico_platform/platform.c.obj
LOAD CMakeFiles/main.dir/C_/VSARM/sdk/pico/pico-sdk/src/rp2_common/hardware_sync/sync.c.obj
LOAD CMakeFiles/main.dir/C_/VSARM/sdk/pico/pico-sdk/src/rp2_common/hardware_uart/uart.c.obj
LOAD CMakeFiles/main.dir/C_/VSARM/sdk/pico/pico-sdk/src/rp2_common/hardware_divider/divider.S.obj
LOAD CMakeFiles/main.dir/C_/VSARM/sdk/pico/pico-sdk/src/common/pico_time/time.c.obj
LOAD CMakeFiles/main.dir/C_/VSARM/sdk/pico/pico-sdk/src/common/pico_time/timeout_helper.c.obj
LOAD CMakeFiles/main.dir/C_/VSARM/sdk/pico/pico-sdk/src/rp2_common/hardware_timer/timer.c.obj
LOAD CMakeFiles/main.dir/C_/VSARM/sdk/pico/pico-sdk/src/common/pico_sync/sem.c.obj
LOAD CMakeFiles/main.dir/C_/VSARM/sdk/pico/pico-sdk/src/common/pico_sync/lock_core.c.obj
LOAD CMakeFiles/main.dir/C_/VSARM/sdk/pico/pico-sdk/src/common/pico_sync/mutex.c.obj
LOAD CMakeFiles/main.dir/C_/VSARM/sdk/pico/pico-sdk/src/common/pico_sync/critical_section.c.obj
LOAD CMakeFiles/main.dir/C_/VSARM/sdk/pico/pico-sdk/src/common/pico_util/datetime.c.obj
LOAD CMakeFiles/main.dir/C_/VSARM/sdk/pico/pico-sdk/src/common/pico_util/pheap.c.obj
LOAD CMakeFiles/main.dir/C_/VSARM/sdk/pico/pico-sdk/src/common/pico_util/queue.c.obj
LOAD CMakeFiles/main.dir/C_/VSARM/sdk/pico/pico-sdk/src/rp2_common/pico_runtime/runtime.c.obj
LOAD CMakeFiles/main.dir/C_/VSARM/sdk/pico/pico-sdk/src/rp2_common/hardware_clocks/clocks.c.obj
LOAD CMakeFiles/main.dir/C_/VSARM/sdk/pico/pico-sdk/src/rp2_common/hardware_irq/irq.c.obj
LOAD CMakeFiles/main.dir/C_/VSARM/sdk/pico/pico-sdk/src/rp2_common/hardware_irq/irq_handler_chain.S.obj
LOAD CMakeFiles/main.dir/C_/VSARM/sdk/pico/pico-sdk/src/rp2_common/hardware_pll/pll.c.obj
LOAD CMakeFiles/main.dir/C_/VSARM/sdk/pico/pico-sdk/src/rp2_common/hardware_vreg/vreg.c.obj
LOAD CMakeFiles/main.dir/C_/VSARM/sdk/pico/pico-sdk/src/rp2_common/hardware_watchdog/watchdog.c.obj
LOAD CMakeFiles/main.dir/C_/VSARM/sdk/pico/pico-sdk/src/rp2_common/hardware_xosc/xosc.c.obj
LOAD CMakeFiles/main.dir/C_/VSARM/sdk/pico/pico-sdk/src/rp2_common/pico_printf/printf.c.obj
LOAD CMakeFiles/main.dir/C_/VSARM/sdk/pico/pico-sdk/src/rp2_common/pico_bit_ops/bit_ops_aeabi.S.obj
LOAD CMakeFiles/main.dir/C_/VSARM/sdk/pico/pico-sdk/src/rp2_common/pico_bootrom/bootrom.c.obj
LOAD CMakeFiles/main.dir/C_/VSARM/sdk/pico/pico-sdk/src/rp2_common/pico_divider/divider.S.obj
LOAD CMakeFiles/main.dir/C_/VSARM/sdk/pico/pico-sdk/src/rp2_common/pico_double/double_aeabi.S.obj
LOAD CMakeFiles/main.dir/C_/VSARM/sdk/pico/pico-sdk/src/rp2_common/pico_double/double_init_rom.c.obj
LOAD CMakeFiles/main.dir/C_/VSARM/sdk/pico/pico-sdk/src/rp2_common/pico_double/double_math.c.obj
LOAD CMakeFiles/main.dir/C_/VSARM/sdk/pico/pico-sdk/src/rp2_common/pico_double/double_v1_rom_shim.S.obj
LOAD CMakeFiles/main.dir/C_/VSARM/sdk/pico/pico-sdk/src/rp2_common/pico_int64_ops/pico_int64_ops_aeabi.S.obj
LOAD CMakeFiles/main.dir/C_/VSARM/sdk/pico/pico-sdk/src/rp2_common/pico_float/float_aeabi.S.obj
LOAD CMakeFiles/main.dir/C_/VSARM/sdk/pico/pico-sdk/src/rp2_common/pico_float/float_init_rom.c.obj
LOAD CMakeFiles/main.dir/C_/VSARM/sdk/pico/pico-sdk/src/rp2_common/pico_float/float_math.c.obj
LOAD CMakeFiles/main.dir/C_/VSARM/sdk/pico/pico-sdk/src/rp2_common/pico_float/float_v1_rom_shim.S.obj
LOAD CMakeFiles/main.dir/C_/VSARM/sdk/pico/pico-sdk/src/rp2_common/pico_malloc/pico_malloc.c.obj
LOAD CMakeFiles/main.dir/C_/VSARM/sdk/pico/pico-sdk/src/rp2_common/pico_mem_ops/mem_ops_aeabi.S.obj
LOAD CMakeFiles/main.dir/C_/VSARM/sdk/pico/pico-sdk/src/rp2_common/pico_standard_link/crt0.S.obj
LOAD CMakeFiles/main.dir/C_/VSARM/sdk/pico/pico-sdk/src/rp2_common/pico_standard_link/new_delete.cpp.obj
LOAD CMakeFiles/main.dir/C_/VSARM/sdk/pico/pico-sdk/src/rp2_common/pico_standard_link/binary_info.c.obj
LOAD CMakeFiles/main.dir/C_/VSARM/sdk/pico/pico-sdk/src/rp2_common/pico_stdio/stdio.c.obj
LOAD CMakeFiles/main.dir/C_/VSARM/sdk/pico/pico-sdk/src/rp2_common/pico_stdio_uart/stdio_uart.c.obj
LOAD CMakeFiles/main.dir/C_/VSARM/sdk/pico/pico-sdk/src/rp2_common/hardware_adc/adc.c.obj
LOAD D:\Users\Javi\AppData\Local\Temp\ccUYpgEi.o
LOAD c:/vsarm/armcc/102021~1.07/bin/../lib/gcc/arm-none-eabi/10.3.1/../../../../arm-none-eabi/lib/thumb/v6-m/nofp\libstdc++.a
LOAD c:/vsarm/armcc/102021~1.07/bin/../lib/gcc/arm-none-eabi/10.3.1/../../../../arm-none-eabi/lib/thumb/v6-m/nofp\libm.a
START GROUP
LOAD c:/vsarm/armcc/102021~1.07/bin/../lib/gcc/arm-none-eabi/10.3.1/thumb/v6-m/nofp\libgcc.a
LOAD c:/vsarm/armcc/102021~1.07/bin/../lib/gcc/arm-none-eabi/10.3.1/../../../../arm-none-eabi/lib/thumb/v6-m/nofp\libg.a
LOAD c:/vsarm/armcc/102021~1.07/bin/../lib/gcc/arm-none-eabi/10.3.1/../../../../arm-none-eabi/lib/thumb/v6-m/nofp\libc.a
END GROUP
START GROUP
LOAD c:/vsarm/armcc/102021~1.07/bin/../lib/gcc/arm-none-eabi/10.3.1/thumb/v6-m/nofp\libgcc.a
LOAD c:/vsarm/armcc/102021~1.07/bin/../lib/gcc/arm-none-eabi/10.3.1/../../../../arm-none-eabi/lib/thumb/v6-m/nofp\libc.a
LOAD c:/vsarm/armcc/102021~1.07/bin/../lib/gcc/arm-none-eabi/10.3.1/../../../../arm-none-eabi/lib/thumb/v6-m/nofp\libnosys.a
END GROUP
LOAD c:/vsarm/armcc/102021~1.07/bin/../lib/gcc/arm-none-eabi/10.3.1/thumb/v6-m/nofp/crtend.o
LOAD c:/vsarm/armcc/102021~1.07/bin/../lib/gcc/arm-none-eabi/10.3.1/thumb/v6-m/nofp/crtn.o
OUTPUT(main.elf elf32-littlearm)
LOAD linker stubs

.ARM.attributes
                0x00000000       0x28
 .ARM.attributes
                0x00000000       0x1e c:/vsarm/armcc/102021~1.07/bin/../lib/gcc/arm-none-eabi/10.3.1/thumb/v6-m/nofp/crti.o
 .ARM.attributes
                0x0000001e       0x2c c:/vsarm/armcc/102021~1.07/bin/../lib/gcc/arm-none-eabi/10.3.1/thumb/v6-m/nofp/crtbegin.o
 .ARM.attributes
                0x0000004a       0x2c CMakeFiles/main.dir/main.c.obj
 .ARM.attributes
                0x00000076       0x2c CMakeFiles/main.dir/C_/VSARM/sdk/pico/pico-sdk/src/rp2_common/hardware_gpio/gpio.c.obj
 .ARM.attributes
                0x000000a2       0x2c CMakeFiles/main.dir/C_/VSARM/sdk/pico/pico-sdk/src/rp2_common/hardware_claim/claim.c.obj
 .ARM.attributes
                0x000000ce       0x2c CMakeFiles/main.dir/C_/VSARM/sdk/pico/pico-sdk/src/rp2_common/pico_platform/platform.c.obj
 .ARM.attributes
                0x000000fa       0x2c CMakeFiles/main.dir/C_/VSARM/sdk/pico/pico-sdk/src/rp2_common/hardware_sync/sync.c.obj
 .ARM.attributes
                0x00000126       0x2c CMakeFiles/main.dir/C_/VSARM/sdk/pico/pico-sdk/src/rp2_common/hardware_uart/uart.c.obj
 .ARM.attributes
                0x00000152       0x2c CMakeFiles/main.dir/C_/VSARM/sdk/pico/pico-sdk/src/common/pico_time/time.c.obj
 .ARM.attributes
                0x0000017e       0x2c CMakeFiles/main.dir/C_/VSARM/sdk/pico/pico-sdk/src/rp2_common/hardware_timer/timer.c.obj
 .ARM.attributes
                0x000001aa       0x2c CMakeFiles/main.dir/C_/VSARM/sdk/pico/pico-sdk/src/common/pico_sync/lock_core.c.obj
 .ARM.attributes
                0x000001d6       0x2c CMakeFiles/main.dir/C_/VSARM/sdk/pico/pico-sdk/src/common/pico_sync/mutex.c.obj
 .ARM.attributes
                0x00000202       0x2c CMakeFiles/main.dir/C_/VSARM/sdk/pico/pico-sdk/src/common/pico_util/pheap.c.obj
 .ARM.attributes
                0x0000022e       0x2c CMakeFiles/main.dir/C_/VSARM/sdk/pico/pico-sdk/src/rp2_common/pico_runtime/runtime.c.obj
 .ARM.attributes
                0x0000025a       0x2c CMakeFiles/main.dir/C_/VSARM/sdk/pico/pico-sdk/src/rp2_common/hardware_clocks/clocks.c.obj
 .ARM.attributes
                0x00000286       0x2c CMakeFiles/main.dir/C_/VSARM/sdk/pico/pico-sdk/src/rp2_common/hardware_irq/irq.c.obj
 .ARM.attributes
                0x000002b2       0x22 CMakeFiles/main.dir/C_/VSARM/sdk/pico/pico-sdk/src/rp2_common/hardware_irq/irq_handler_chain.S.obj
 .ARM.attributes
                0x000002d4       0x2c CMakeFiles/main.dir/C_/VSARM/sdk/pico/pico-sdk/src/rp2_common/hardware_pll/pll.c.obj
 .ARM.attributes
                0x00000300       0x2c CMakeFiles/main.dir/C_/VSARM/sdk/pico/pico-sdk/src/rp2_common/hardware_watchdog/watchdog.c.obj
 .ARM.attributes
                0x0000032c       0x2c CMakeFiles/main.dir/C_/VSARM/sdk/pico/pico-sdk/src/rp2_common/hardware_xosc/xosc.c.obj
 .ARM.attributes
                0x00000358       0x2c CMakeFiles/main.dir/C_/VSARM/sdk/pico/pico-sdk/src/rp2_common/pico_printf/printf.c.obj
 .ARM.attributes
                0x00000384       0x22 CMakeFiles/main.dir/C_/VSARM/sdk/pico/pico-sdk/src/rp2_common/pico_bit_ops/bit_ops_aeabi.S.obj
 .ARM.attributes
                0x000003a6       0x2c CMakeFiles/main.dir/C_/VSARM/sdk/pico/pico-sdk/src/rp2_common/pico_bootrom/bootrom.c.obj
 .ARM.attributes
                0x000003d2       0x22 CMakeFiles/main.dir/C_/VSARM/sdk/pico/pico-sdk/src/rp2_common/pico_divider/divider.S.obj
 .ARM.attributes
                0x000003f4       0x22 CMakeFiles/main.dir/C_/VSARM/sdk/pico/pico-sdk/src/rp2_common/pico_double/double_aeabi.S.obj
 .ARM.attributes
                0x00000416       0x2c CMakeFiles/main.dir/C_/VSARM/sdk/pico/pico-sdk/src/rp2_common/pico_double/double_init_rom.c.obj
 .ARM.attributes
                0x00000442       0x22 CMakeFiles/main.dir/C_/VSARM/sdk/pico/pico-sdk/src/rp2_common/pico_double/double_v1_rom_shim.S.obj
 .ARM.attributes
                0x00000464       0x22 CMakeFiles/main.dir/C_/VSARM/sdk/pico/pico-sdk/src/rp2_common/pico_int64_ops/pico_int64_ops_aeabi.S.obj
 .ARM.attributes
                0x00000486       0x22 CMakeFiles/main.dir/C_/VSARM/sdk/pico/pico-sdk/src/rp2_common/pico_float/float_aeabi.S.obj
 .ARM.attributes
                0x000004a8       0x2c CMakeFiles/main.dir/C_/VSARM/sdk/pico/pico-sdk/src/rp2_common/pico_float/float_init_rom.c.obj
 .ARM.attributes
                0x000004d4       0x22 CMakeFiles/main.dir/C_/VSARM/sdk/pico/pico-sdk/src/rp2_common/pico_float/float_v1_rom_shim.S.obj
 .ARM.attributes
                0x000004f6       0x22 CMakeFiles/main.dir/C_/VSARM/sdk/pico/pico-sdk/src/rp2_common/pico_mem_ops/mem_ops_aeabi.S.obj
 .ARM.attributes
                0x00000518       0x22 CMakeFiles/main.dir/C_/VSARM/sdk/pico/pico-sdk/src/rp2_common/pico_standard_link/crt0.S.obj
 .ARM.attributes
                0x0000053a       0x32 CMakeFiles/main.dir/C_/VSARM/sdk/pico/pico-sdk/src/rp2_common/pico_standard_link/binary_info.c.obj
 .ARM.attributes
                0x0000056c       0x2c CMakeFiles/main.dir/C_/VSARM/sdk/pico/pico-sdk/src/rp2_common/pico_stdio/stdio.c.obj
 .ARM.attributes
                0x00000598       0x2c CMakeFiles/main.dir/C_/VSARM/sdk/pico/pico-sdk/src/rp2_common/pico_stdio_uart/stdio_uart.c.obj
 .ARM.attributes
                0x000005c4       0x2c CMakeFiles/main.dir/C_/VSARM/sdk/pico/pico-sdk/src/rp2_common/hardware_adc/adc.c.obj
 .ARM.attributes
                0x000005f0       0x22 D:\Users\Javi\AppData\Local\Temp\ccUYpgEi.o
 .ARM.attributes
                0x00000612       0x1e c:/vsarm/armcc/102021~1.07/bin/../lib/gcc/arm-none-eabi/10.3.1/thumb/v6-m/nofp\libgcc.a(_dvmd_tls.o)
 .ARM.attributes
                0x00000630       0x2c c:/vsarm/armcc/102021~1.07/bin/../lib/gcc/arm-none-eabi/10.3.1/../../../../arm-none-eabi/lib/thumb/v6-m/nofp\libg.a(lib_a-strlen-stub.o)

.comment        0x00000000       0x49
 .comment       0x00000000       0x49 CMakeFiles/main.dir/main.c.obj
                                 0x4a (size before relaxing)
 .comment       0x00000049       0x4a CMakeFiles/main.dir/C_/VSARM/sdk/pico/pico-sdk/src/rp2_common/hardware_gpio/gpio.c.obj
 .comment       0x00000049       0x4a CMakeFiles/main.dir/C_/VSARM/sdk/pico/pico-sdk/src/rp2_common/hardware_claim/claim.c.obj
 .comment       0x00000049       0x4a CMakeFiles/main.dir/C_/VSARM/sdk/pico/pico-sdk/src/rp2_common/pico_platform/platform.c.obj
 .comment       0x00000049       0x4a CMakeFiles/main.dir/C_/VSARM/sdk/pico/pico-sdk/src/rp2_common/hardware_sync/sync.c.obj
 .comment       0x00000049       0x4a CMakeFiles/main.dir/C_/VSARM/sdk/pico/pico-sdk/src/rp2_common/hardware_uart/uart.c.obj
 .comment       0x00000049       0x4a CMakeFiles/main.dir/C_/VSARM/sdk/pico/pico-sdk/src/common/pico_time/time.c.obj
 .comment       0x00000049       0x4a CMakeFiles/main.dir/C_/VSARM/sdk/pico/pico-sdk/src/rp2_common/hardware_timer/timer.c.obj
 .comment       0x00000049       0x4a CMakeFiles/main.dir/C_/VSARM/sdk/pico/pico-sdk/src/common/pico_sync/lock_core.c.obj
 .comment       0x00000049       0x4a CMakeFiles/main.dir/C_/VSARM/sdk/pico/pico-sdk/src/common/pico_sync/mutex.c.obj
 .comment       0x00000049       0x4a CMakeFiles/main.dir/C_/VSARM/sdk/pico/pico-sdk/src/common/pico_util/pheap.c.obj
 .comment       0x00000049       0x4a CMakeFiles/main.dir/C_/VSARM/sdk/pico/pico-sdk/src/rp2_common/pico_runtime/runtime.c.obj
 .comment       0x00000049       0x4a CMakeFiles/main.dir/C_/VSARM/sdk/pico/pico-sdk/src/rp2_common/hardware_clocks/clocks.c.obj
 .comment       0x00000049       0x4a CMakeFiles/main.dir/C_/VSARM/sdk/pico/pico-sdk/src/rp2_common/hardware_irq/irq.c.obj
 .comment       0x00000049       0x4a CMakeFiles/main.dir/C_/VSARM/sdk/pico/pico-sdk/src/rp2_common/hardware_pll/pll.c.obj
 .comment       0x00000049       0x4a CMakeFiles/main.dir/C_/VSARM/sdk/pico/pico-sdk/src/rp2_common/hardware_watchdog/watchdog.c.obj
 .comment       0x00000049       0x4a CMakeFiles/main.dir/C_/VSARM/sdk/pico/pico-sdk/src/rp2_common/hardware_xosc/xosc.c.obj
 .comment       0x00000049       0x4a CMakeFiles/main.dir/C_/VSARM/sdk/pico/pico-sdk/src/rp2_common/pico_printf/printf.c.obj
 .comment       0x00000049       0x4a CMakeFiles/main.dir/C_/VSARM/sdk/pico/pico-sdk/src/rp2_common/pico_bootrom/bootrom.c.obj
 .comment       0x00000049       0x4a CMakeFiles/main.dir/C_/VSARM/sdk/pico/pico-sdk/src/rp2_common/pico_double/double_init_rom.c.obj
 .comment       0x00000049       0x4a CMakeFiles/main.dir/C_/VSARM/sdk/pico/pico-sdk/src/rp2_common/pico_float/float_init_rom.c.obj
 .comment       0x00000049       0x4a CMakeFiles/main.dir/C_/VSARM/sdk/pico/pico-sdk/src/rp2_common/pico_standard_link/binary_info.c.obj
 .comment       0x00000049       0x4a CMakeFiles/main.dir/C_/VSARM/sdk/pico/pico-sdk/src/rp2_common/pico_stdio/stdio.c.obj
 .comment       0x00000049       0x4a CMakeFiles/main.dir/C_/VSARM/sdk/pico/pico-sdk/src/rp2_common/pico_stdio_uart/stdio_uart.c.obj
 .comment       0x00000049       0x4a CMakeFiles/main.dir/C_/VSARM/sdk/pico/pico-sdk/src/rp2_common/hardware_adc/adc.c.obj

.debug_info     0x00000000    0x12ef3
 .debug_info    0x00000000      0x8ea CMakeFiles/main.dir/main.c.obj
 .debug_info    0x000008ea     0x1465 CMakeFiles/main.dir/C_/VSARM/sdk/pico/pico-sdk/src/rp2_common/hardware_gpio/gpio.c.obj
 .debug_info    0x00001d4f      0x6ba CMakeFiles/main.dir/C_/VSARM/sdk/pico/pico-sdk/src/rp2_common/hardware_claim/claim.c.obj
 .debug_info    0x00002409      0x1e3 CMakeFiles/main.dir/C_/VSARM/sdk/pico/pico-sdk/src/rp2_common/pico_platform/platform.c.obj
 .debug_info    0x000025ec      0x58e CMakeFiles/main.dir/C_/VSARM/sdk/pico/pico-sdk/src/rp2_common/hardware_sync/sync.c.obj
 .debug_info    0x00002b7a      0xb64 CMakeFiles/main.dir/C_/VSARM/sdk/pico/pico-sdk/src/rp2_common/hardware_uart/uart.c.obj
 .debug_info    0x000036de     0x3b2f CMakeFiles/main.dir/C_/VSARM/sdk/pico/pico-sdk/src/common/pico_time/time.c.obj
 .debug_info    0x0000720d     0x1130 CMakeFiles/main.dir/C_/VSARM/sdk/pico/pico-sdk/src/rp2_common/hardware_timer/timer.c.obj
 .debug_info    0x0000833d      0x1a4 CMakeFiles/main.dir/C_/VSARM/sdk/pico/pico-sdk/src/common/pico_sync/lock_core.c.obj
 .debug_info    0x000084e1     0x13b2 CMakeFiles/main.dir/C_/VSARM/sdk/pico/pico-sdk/src/common/pico_sync/mutex.c.obj
 .debug_info    0x00009893     0x120c CMakeFiles/main.dir/C_/VSARM/sdk/pico/pico-sdk/src/common/pico_util/pheap.c.obj
 .debug_info    0x0000aa9f      0x9bc CMakeFiles/main.dir/C_/VSARM/sdk/pico/pico-sdk/src/rp2_common/pico_runtime/runtime.c.obj
 .debug_info    0x0000b45b      0xf56 CMakeFiles/main.dir/C_/VSARM/sdk/pico/pico-sdk/src/rp2_common/hardware_clocks/clocks.c.obj
 .debug_info    0x0000c3b1     0x191a CMakeFiles/main.dir/C_/VSARM/sdk/pico/pico-sdk/src/rp2_common/hardware_irq/irq.c.obj
 .debug_info    0x0000dccb      0x509 CMakeFiles/main.dir/C_/VSARM/sdk/pico/pico-sdk/src/rp2_common/hardware_pll/pll.c.obj
 .debug_info    0x0000e1d4      0x49c CMakeFiles/main.dir/C_/VSARM/sdk/pico/pico-sdk/src/rp2_common/hardware_watchdog/watchdog.c.obj
 .debug_info    0x0000e670      0x1dd CMakeFiles/main.dir/C_/VSARM/sdk/pico/pico-sdk/src/rp2_common/hardware_xosc/xosc.c.obj
 .debug_info    0x0000e84d     0x1a5f CMakeFiles/main.dir/C_/VSARM/sdk/pico/pico-sdk/src/rp2_common/pico_printf/printf.c.obj
 .debug_info    0x000102ac       0x22 CMakeFiles/main.dir/C_/VSARM/sdk/pico/pico-sdk/src/rp2_common/pico_bit_ops/bit_ops_aeabi.S.obj
 .debug_info    0x000102ce      0x231 CMakeFiles/main.dir/C_/VSARM/sdk/pico/pico-sdk/src/rp2_common/pico_bootrom/bootrom.c.obj
 .debug_info    0x000104ff       0x22 CMakeFiles/main.dir/C_/VSARM/sdk/pico/pico-sdk/src/rp2_common/pico_divider/divider.S.obj
 .debug_info    0x00010521       0x22 CMakeFiles/main.dir/C_/VSARM/sdk/pico/pico-sdk/src/rp2_common/pico_double/double_aeabi.S.obj
 .debug_info    0x00010543      0x2a0 CMakeFiles/main.dir/C_/VSARM/sdk/pico/pico-sdk/src/rp2_common/pico_double/double_init_rom.c.obj
 .debug_info    0x000107e3       0x22 CMakeFiles/main.dir/C_/VSARM/sdk/pico/pico-sdk/src/rp2_common/pico_double/double_v1_rom_shim.S.obj
 .debug_info    0x00010805       0x26 CMakeFiles/main.dir/C_/VSARM/sdk/pico/pico-sdk/src/rp2_common/pico_int64_ops/pico_int64_ops_aeabi.S.obj
 .debug_info    0x0001082b       0x22 CMakeFiles/main.dir/C_/VSARM/sdk/pico/pico-sdk/src/rp2_common/pico_float/float_aeabi.S.obj
 .debug_info    0x0001084d      0x2e9 CMakeFiles/main.dir/C_/VSARM/sdk/pico/pico-sdk/src/rp2_common/pico_float/float_init_rom.c.obj
 .debug_info    0x00010b36       0x22 CMakeFiles/main.dir/C_/VSARM/sdk/pico/pico-sdk/src/rp2_common/pico_float/float_v1_rom_shim.S.obj
 .debug_info    0x00010b58       0x22 CMakeFiles/main.dir/C_/VSARM/sdk/pico/pico-sdk/src/rp2_common/pico_mem_ops/mem_ops_aeabi.S.obj
 .debug_info    0x00010b7a       0x22 CMakeFiles/main.dir/C_/VSARM/sdk/pico/pico-sdk/src/rp2_common/pico_standard_link/crt0.S.obj
 .debug_info    0x00010b9c      0x2f6 CMakeFiles/main.dir/C_/VSARM/sdk/pico/pico-sdk/src/rp2_common/pico_standard_link/binary_info.c.obj
 .debug_info    0x00010e92     0x116b CMakeFiles/main.dir/C_/VSARM/sdk/pico/pico-sdk/src/rp2_common/pico_stdio/stdio.c.obj
 .debug_info    0x00011ffd      0xc2f CMakeFiles/main.dir/C_/VSARM/sdk/pico/pico-sdk/src/rp2_common/pico_stdio_uart/stdio_uart.c.obj
 .debug_info    0x00012c2c      0x2c7 CMakeFiles/main.dir/C_/VSARM/sdk/pico/pico-sdk/src/rp2_common/hardware_adc/adc.c.obj

.debug_abbrev   0x00000000     0x3fa9
 .debug_abbrev  0x00000000      0x264 CMakeFiles/main.dir/main.c.obj
 .debug_abbrev  0x00000264      0x2c4 CMakeFiles/main.dir/C_/VSARM/sdk/pico/pico-sdk/src/rp2_common/hardware_gpio/gpio.c.obj
 .debug_abbrev  0x00000528      0x2d6 CMakeFiles/main.dir/C_/VSARM/sdk/pico/pico-sdk/src/rp2_common/hardware_claim/claim.c.obj
 .debug_abbrev  0x000007fe       0xeb CMakeFiles/main.dir/C_/VSARM/sdk/pico/pico-sdk/src/rp2_common/pico_platform/platform.c.obj
 .debug_abbrev  0x000008e9      0x21b CMakeFiles/main.dir/C_/VSARM/sdk/pico/pico-sdk/src/rp2_common/hardware_sync/sync.c.obj
 .debug_abbrev  0x00000b04      0x2d2 CMakeFiles/main.dir/C_/VSARM/sdk/pico/pico-sdk/src/rp2_common/hardware_uart/uart.c.obj
 .debug_abbrev  0x00000dd6      0x53c CMakeFiles/main.dir/C_/VSARM/sdk/pico/pico-sdk/src/common/pico_time/time.c.obj
 .debug_abbrev  0x00001312      0x37e CMakeFiles/main.dir/C_/VSARM/sdk/pico/pico-sdk/src/rp2_common/hardware_timer/timer.c.obj
 .debug_abbrev  0x00001690      0x116 CMakeFiles/main.dir/C_/VSARM/sdk/pico/pico-sdk/src/common/pico_sync/lock_core.c.obj
 .debug_abbrev  0x000017a6      0x37d CMakeFiles/main.dir/C_/VSARM/sdk/pico/pico-sdk/src/common/pico_sync/mutex.c.obj
 .debug_abbrev  0x00001b23      0x297 CMakeFiles/main.dir/C_/VSARM/sdk/pico/pico-sdk/src/common/pico_util/pheap.c.obj
 .debug_abbrev  0x00001dba      0x35a CMakeFiles/main.dir/C_/VSARM/sdk/pico/pico-sdk/src/rp2_common/pico_runtime/runtime.c.obj
 .debug_abbrev  0x00002114      0x372 CMakeFiles/main.dir/C_/VSARM/sdk/pico/pico-sdk/src/rp2_common/hardware_clocks/clocks.c.obj
 .debug_abbrev  0x00002486      0x4a5 CMakeFiles/main.dir/C_/VSARM/sdk/pico/pico-sdk/src/rp2_common/hardware_irq/irq.c.obj
 .debug_abbrev  0x0000292b      0x1ea CMakeFiles/main.dir/C_/VSARM/sdk/pico/pico-sdk/src/rp2_common/hardware_pll/pll.c.obj
 .debug_abbrev  0x00002b15      0x1b1 CMakeFiles/main.dir/C_/VSARM/sdk/pico/pico-sdk/src/rp2_common/hardware_watchdog/watchdog.c.obj
 .debug_abbrev  0x00002cc6      0x109 CMakeFiles/main.dir/C_/VSARM/sdk/pico/pico-sdk/src/rp2_common/hardware_xosc/xosc.c.obj
 .debug_abbrev  0x00002dcf      0x384 CMakeFiles/main.dir/C_/VSARM/sdk/pico/pico-sdk/src/rp2_common/pico_printf/printf.c.obj
 .debug_abbrev  0x00003153       0x12 CMakeFiles/main.dir/C_/VSARM/sdk/pico/pico-sdk/src/rp2_common/pico_bit_ops/bit_ops_aeabi.S.obj
 .debug_abbrev  0x00003165       0xf8 CMakeFiles/main.dir/C_/VSARM/sdk/pico/pico-sdk/src/rp2_common/pico_bootrom/bootrom.c.obj
 .debug_abbrev  0x0000325d       0x12 CMakeFiles/main.dir/C_/VSARM/sdk/pico/pico-sdk/src/rp2_common/pico_divider/divider.S.obj
 .debug_abbrev  0x0000326f       0x12 CMakeFiles/main.dir/C_/VSARM/sdk/pico/pico-sdk/src/rp2_common/pico_double/double_aeabi.S.obj
 .debug_abbrev  0x00003281      0x166 CMakeFiles/main.dir/C_/VSARM/sdk/pico/pico-sdk/src/rp2_common/pico_double/double_init_rom.c.obj
 .debug_abbrev  0x000033e7       0x12 CMakeFiles/main.dir/C_/VSARM/sdk/pico/pico-sdk/src/rp2_common/pico_double/double_v1_rom_shim.S.obj
 .debug_abbrev  0x000033f9       0x14 CMakeFiles/main.dir/C_/VSARM/sdk/pico/pico-sdk/src/rp2_common/pico_int64_ops/pico_int64_ops_aeabi.S.obj
 .debug_abbrev  0x0000340d       0x12 CMakeFiles/main.dir/C_/VSARM/sdk/pico/pico-sdk/src/rp2_common/pico_float/float_aeabi.S.obj
 .debug_abbrev  0x0000341f      0x179 CMakeFiles/main.dir/C_/VSARM/sdk/pico/pico-sdk/src/rp2_common/pico_float/float_init_rom.c.obj
 .debug_abbrev  0x00003598       0x12 CMakeFiles/main.dir/C_/VSARM/sdk/pico/pico-sdk/src/rp2_common/pico_float/float_v1_rom_shim.S.obj
 .debug_abbrev  0x000035aa       0x12 CMakeFiles/main.dir/C_/VSARM/sdk/pico/pico-sdk/src/rp2_common/pico_mem_ops/mem_ops_aeabi.S.obj
 .debug_abbrev  0x000035bc       0x12 CMakeFiles/main.dir/C_/VSARM/sdk/pico/pico-sdk/src/rp2_common/pico_standard_link/crt0.S.obj
 .debug_abbrev  0x000035ce       0xad CMakeFiles/main.dir/C_/VSARM/sdk/pico/pico-sdk/src/rp2_common/pico_standard_link/binary_info.c.obj
 .debug_abbrev  0x0000367b      0x4a7 CMakeFiles/main.dir/C_/VSARM/sdk/pico/pico-sdk/src/rp2_common/pico_stdio/stdio.c.obj
 .debug_abbrev  0x00003b22      0x386 CMakeFiles/main.dir/C_/VSARM/sdk/pico/pico-sdk/src/rp2_common/pico_stdio_uart/stdio_uart.c.obj
 .debug_abbrev  0x00003ea8      0x101 CMakeFiles/main.dir/C_/VSARM/sdk/pico/pico-sdk/src/rp2_common/hardware_adc/adc.c.obj

.debug_loc      0x00000000     0xcafb
 .debug_loc     0x00000000      0x1a0 CMakeFiles/main.dir/main.c.obj
 .debug_loc     0x000001a0      0xede CMakeFiles/main.dir/C_/VSARM/sdk/pico/pico-sdk/src/rp2_common/hardware_gpio/gpio.c.obj
 .debug_loc     0x0000107e      0x45f CMakeFiles/main.dir/C_/VSARM/sdk/pico/pico-sdk/src/rp2_common/hardware_claim/claim.c.obj
 .debug_loc     0x000014dd       0xe9 CMakeFiles/main.dir/C_/VSARM/sdk/pico/pico-sdk/src/rp2_common/pico_platform/platform.c.obj
 .debug_loc     0x000015c6      0x233 CMakeFiles/main.dir/C_/VSARM/sdk/pico/pico-sdk/src/rp2_common/hardware_sync/sync.c.obj
 .debug_loc     0x000017f9      0x533 CMakeFiles/main.dir/C_/VSARM/sdk/pico/pico-sdk/src/rp2_common/hardware_uart/uart.c.obj
 .debug_loc     0x00001d2c     0x2e37 CMakeFiles/main.dir/C_/VSARM/sdk/pico/pico-sdk/src/common/pico_time/time.c.obj
 .debug_loc     0x00004b63      0x952 CMakeFiles/main.dir/C_/VSARM/sdk/pico/pico-sdk/src/rp2_common/hardware_timer/timer.c.obj
 .debug_loc     0x000054b5       0x60 CMakeFiles/main.dir/C_/VSARM/sdk/pico/pico-sdk/src/common/pico_sync/lock_core.c.obj
 .debug_loc     0x00005515      0xbc3 CMakeFiles/main.dir/C_/VSARM/sdk/pico/pico-sdk/src/common/pico_sync/mutex.c.obj
 .debug_loc     0x000060d8     0x1439 CMakeFiles/main.dir/C_/VSARM/sdk/pico/pico-sdk/src/common/pico_util/pheap.c.obj
 .debug_loc     0x00007511      0x3c6 CMakeFiles/main.dir/C_/VSARM/sdk/pico/pico-sdk/src/rp2_common/pico_runtime/runtime.c.obj
 .debug_loc     0x000078d7      0x7eb CMakeFiles/main.dir/C_/VSARM/sdk/pico/pico-sdk/src/rp2_common/hardware_clocks/clocks.c.obj
 .debug_loc     0x000080c2     0x1186 CMakeFiles/main.dir/C_/VSARM/sdk/pico/pico-sdk/src/rp2_common/hardware_irq/irq.c.obj
 .debug_loc     0x00009248      0x300 CMakeFiles/main.dir/C_/VSARM/sdk/pico/pico-sdk/src/rp2_common/hardware_pll/pll.c.obj
 .debug_loc     0x00009548      0x267 CMakeFiles/main.dir/C_/VSARM/sdk/pico/pico-sdk/src/rp2_common/hardware_watchdog/watchdog.c.obj
 .debug_loc     0x000097af       0x71 CMakeFiles/main.dir/C_/VSARM/sdk/pico/pico-sdk/src/rp2_common/hardware_xosc/xosc.c.obj
 .debug_loc     0x00009820     0x2095 CMakeFiles/main.dir/C_/VSARM/sdk/pico/pico-sdk/src/rp2_common/pico_printf/printf.c.obj
 .debug_loc     0x0000b8b5      0x16f CMakeFiles/main.dir/C_/VSARM/sdk/pico/pico-sdk/src/rp2_common/pico_bootrom/bootrom.c.obj
 .debug_loc     0x0000ba24       0x59 CMakeFiles/main.dir/C_/VSARM/sdk/pico/pico-sdk/src/rp2_common/pico_double/double_init_rom.c.obj
 .debug_loc     0x0000ba7d       0x73 CMakeFiles/main.dir/C_/VSARM/sdk/pico/pico-sdk/src/rp2_common/pico_float/float_init_rom.c.obj
 .debug_loc     0x0000baf0      0xa33 CMakeFiles/main.dir/C_/VSARM/sdk/pico/pico-sdk/src/rp2_common/pico_stdio/stdio.c.obj
 .debug_loc     0x0000c523      0x54c CMakeFiles/main.dir/C_/VSARM/sdk/pico/pico-sdk/src/rp2_common/pico_stdio_uart/stdio_uart.c.obj
 .debug_loc     0x0000ca6f       0x8c CMakeFiles/main.dir/C_/VSARM/sdk/pico/pico-sdk/src/rp2_common/hardware_adc/adc.c.obj

.debug_aranges  0x00000000      0xd30
 .debug_aranges
                0x00000000       0x20 CMakeFiles/main.dir/main.c.obj
 .debug_aranges
                0x00000020       0xd8 CMakeFiles/main.dir/C_/VSARM/sdk/pico/pico-sdk/src/rp2_common/hardware_gpio/gpio.c.obj
 .debug_aranges
                0x000000f8       0x48 CMakeFiles/main.dir/C_/VSARM/sdk/pico/pico-sdk/src/rp2_common/hardware_claim/claim.c.obj
 .debug_aranges
                0x00000140       0x28 CMakeFiles/main.dir/C_/VSARM/sdk/pico/pico-sdk/src/rp2_common/pico_platform/platform.c.obj
 .debug_aranges
                0x00000168       0x58 CMakeFiles/main.dir/C_/VSARM/sdk/pico/pico-sdk/src/rp2_common/hardware_sync/sync.c.obj
 .debug_aranges
                0x000001c0       0x40 CMakeFiles/main.dir/C_/VSARM/sdk/pico/pico-sdk/src/rp2_common/hardware_uart/uart.c.obj
 .debug_aranges
                0x00000200       0xd0 CMakeFiles/main.dir/C_/VSARM/sdk/pico/pico-sdk/src/common/pico_time/time.c.obj
 .debug_aranges
                0x000002d0       0x78 CMakeFiles/main.dir/C_/VSARM/sdk/pico/pico-sdk/src/rp2_common/hardware_timer/timer.c.obj
 .debug_aranges
                0x00000348       0x20 CMakeFiles/main.dir/C_/VSARM/sdk/pico/pico-sdk/src/common/pico_sync/lock_core.c.obj
 .debug_aranges
                0x00000368       0x60 CMakeFiles/main.dir/C_/VSARM/sdk/pico/pico-sdk/src/common/pico_sync/mutex.c.obj
 .debug_aranges
                0x000003c8       0x78 CMakeFiles/main.dir/C_/VSARM/sdk/pico/pico-sdk/src/common/pico_util/pheap.c.obj
 .debug_aranges
                0x00000440       0x60 CMakeFiles/main.dir/C_/VSARM/sdk/pico/pico-sdk/src/rp2_common/pico_runtime/runtime.c.obj
 .debug_aranges
                0x000004a0       0x70 CMakeFiles/main.dir/C_/VSARM/sdk/pico/pico-sdk/src/rp2_common/hardware_clocks/clocks.c.obj
 .debug_aranges
                0x00000510       0x90 CMakeFiles/main.dir/C_/VSARM/sdk/pico/pico-sdk/src/rp2_common/hardware_irq/irq.c.obj
 .debug_aranges
                0x000005a0       0x28 CMakeFiles/main.dir/C_/VSARM/sdk/pico/pico-sdk/src/rp2_common/hardware_pll/pll.c.obj
 .debug_aranges
                0x000005c8       0x50 CMakeFiles/main.dir/C_/VSARM/sdk/pico/pico-sdk/src/rp2_common/hardware_watchdog/watchdog.c.obj
 .debug_aranges
                0x00000618       0x30 CMakeFiles/main.dir/C_/VSARM/sdk/pico/pico-sdk/src/rp2_common/hardware_xosc/xosc.c.obj
 .debug_aranges
                0x00000648       0x90 CMakeFiles/main.dir/C_/VSARM/sdk/pico/pico-sdk/src/rp2_common/pico_printf/printf.c.obj
 .debug_aranges
                0x000006d8       0x68 CMakeFiles/main.dir/C_/VSARM/sdk/pico/pico-sdk/src/rp2_common/pico_bit_ops/bit_ops_aeabi.S.obj
 .debug_aranges
                0x00000740       0x30 CMakeFiles/main.dir/C_/VSARM/sdk/pico/pico-sdk/src/rp2_common/pico_bootrom/bootrom.c.obj
 .debug_aranges
                0x00000770       0x40 CMakeFiles/main.dir/C_/VSARM/sdk/pico/pico-sdk/src/rp2_common/pico_divider/divider.S.obj
 .debug_aranges
                0x000007b0      0x140 CMakeFiles/main.dir/C_/VSARM/sdk/pico/pico-sdk/src/rp2_common/pico_double/double_aeabi.S.obj
 .debug_aranges
                0x000008f0       0x20 CMakeFiles/main.dir/C_/VSARM/sdk/pico/pico-sdk/src/rp2_common/pico_double/double_init_rom.c.obj
 .debug_aranges
                0x00000910       0xc8 CMakeFiles/main.dir/C_/VSARM/sdk/pico/pico-sdk/src/rp2_common/pico_double/double_v1_rom_shim.S.obj
 .debug_aranges
                0x000009d8       0x20 CMakeFiles/main.dir/C_/VSARM/sdk/pico/pico-sdk/src/rp2_common/pico_int64_ops/pico_int64_ops_aeabi.S.obj
 .debug_aranges
                0x000009f8      0x130 CMakeFiles/main.dir/C_/VSARM/sdk/pico/pico-sdk/src/rp2_common/pico_float/float_aeabi.S.obj
 .debug_aranges
                0x00000b28       0x20 CMakeFiles/main.dir/C_/VSARM/sdk/pico/pico-sdk/src/rp2_common/pico_float/float_init_rom.c.obj
 .debug_aranges
                0x00000b48       0x50 CMakeFiles/main.dir/C_/VSARM/sdk/pico/pico-sdk/src/rp2_common/pico_float/float_v1_rom_shim.S.obj
 .debug_aranges
                0x00000b98       0x38 CMakeFiles/main.dir/C_/VSARM/sdk/pico/pico-sdk/src/rp2_common/pico_mem_ops/mem_ops_aeabi.S.obj
 .debug_aranges
                0x00000bd0       0x28 CMakeFiles/main.dir/C_/VSARM/sdk/pico/pico-sdk/src/rp2_common/pico_standard_link/crt0.S.obj
 .debug_aranges
                0x00000bf8       0x18 CMakeFiles/main.dir/C_/VSARM/sdk/pico/pico-sdk/src/rp2_common/pico_standard_link/binary_info.c.obj
 .debug_aranges
                0x00000c10       0xb8 CMakeFiles/main.dir/C_/VSARM/sdk/pico/pico-sdk/src/rp2_common/pico_stdio/stdio.c.obj
 .debug_aranges
                0x00000cc8       0x48 CMakeFiles/main.dir/C_/VSARM/sdk/pico/pico-sdk/src/rp2_common/pico_stdio_uart/stdio_uart.c.obj
 .debug_aranges
                0x00000d10       0x20 CMakeFiles/main.dir/C_/VSARM/sdk/pico/pico-sdk/src/rp2_common/hardware_adc/adc.c.obj

.debug_ranges   0x00000000     0x29a0
 .debug_ranges  0x00000000       0x28 CMakeFiles/main.dir/main.c.obj
 .debug_ranges  0x00000028       0xe0 CMakeFiles/main.dir/C_/VSARM/sdk/pico/pico-sdk/src/rp2_common/hardware_gpio/gpio.c.obj
 .debug_ranges  0x00000108       0xd8 CMakeFiles/main.dir/C_/VSARM/sdk/pico/pico-sdk/src/rp2_common/hardware_claim/claim.c.obj
 .debug_ranges  0x000001e0       0x18 CMakeFiles/main.dir/C_/VSARM/sdk/pico/pico-sdk/src/rp2_common/pico_platform/platform.c.obj
 .debug_ranges  0x000001f8       0xf0 CMakeFiles/main.dir/C_/VSARM/sdk/pico/pico-sdk/src/rp2_common/hardware_sync/sync.c.obj
 .debug_ranges  0x000002e8       0xf8 CMakeFiles/main.dir/C_/VSARM/sdk/pico/pico-sdk/src/rp2_common/hardware_uart/uart.c.obj
 .debug_ranges  0x000003e0      0xba0 CMakeFiles/main.dir/C_/VSARM/sdk/pico/pico-sdk/src/common/pico_time/time.c.obj
 .debug_ranges  0x00000f80      0x320 CMakeFiles/main.dir/C_/VSARM/sdk/pico/pico-sdk/src/rp2_common/hardware_timer/timer.c.obj
 .debug_ranges  0x000012a0       0x10 CMakeFiles/main.dir/C_/VSARM/sdk/pico/pico-sdk/src/common/pico_sync/lock_core.c.obj
 .debug_ranges  0x000012b0      0x5c8 CMakeFiles/main.dir/C_/VSARM/sdk/pico/pico-sdk/src/common/pico_sync/mutex.c.obj
 .debug_ranges  0x00001878      0x248 CMakeFiles/main.dir/C_/VSARM/sdk/pico/pico-sdk/src/common/pico_util/pheap.c.obj
 .debug_ranges  0x00001ac0       0x68 CMakeFiles/main.dir/C_/VSARM/sdk/pico/pico-sdk/src/rp2_common/pico_runtime/runtime.c.obj
 .debug_ranges  0x00001b28       0x60 CMakeFiles/main.dir/C_/VSARM/sdk/pico/pico-sdk/src/rp2_common/hardware_clocks/clocks.c.obj
 .debug_ranges  0x00001b88      0x3b0 CMakeFiles/main.dir/C_/VSARM/sdk/pico/pico-sdk/src/rp2_common/hardware_irq/irq.c.obj
 .debug_ranges  0x00001f38       0x30 CMakeFiles/main.dir/C_/VSARM/sdk/pico/pico-sdk/src/rp2_common/hardware_pll/pll.c.obj
 .debug_ranges  0x00001f68       0x40 CMakeFiles/main.dir/C_/VSARM/sdk/pico/pico-sdk/src/rp2_common/hardware_watchdog/watchdog.c.obj
 .debug_ranges  0x00001fa8       0x20 CMakeFiles/main.dir/C_/VSARM/sdk/pico/pico-sdk/src/rp2_common/hardware_xosc/xosc.c.obj
 .debug_ranges  0x00001fc8      0x108 CMakeFiles/main.dir/C_/VSARM/sdk/pico/pico-sdk/src/rp2_common/pico_printf/printf.c.obj
 .debug_ranges  0x000020d0       0x60 CMakeFiles/main.dir/C_/VSARM/sdk/pico/pico-sdk/src/rp2_common/pico_bit_ops/bit_ops_aeabi.S.obj
 .debug_ranges  0x00002130       0x38 CMakeFiles/main.dir/C_/VSARM/sdk/pico/pico-sdk/src/rp2_common/pico_bootrom/bootrom.c.obj
 .debug_ranges  0x00002168       0x38 CMakeFiles/main.dir/C_/VSARM/sdk/pico/pico-sdk/src/rp2_common/pico_divider/divider.S.obj
 .debug_ranges  0x000021a0      0x138 CMakeFiles/main.dir/C_/VSARM/sdk/pico/pico-sdk/src/rp2_common/pico_double/double_aeabi.S.obj
 .debug_ranges  0x000022d8       0x30 CMakeFiles/main.dir/C_/VSARM/sdk/pico/pico-sdk/src/rp2_common/pico_double/double_init_rom.c.obj
 .debug_ranges  0x00002308       0xc0 CMakeFiles/main.dir/C_/VSARM/sdk/pico/pico-sdk/src/rp2_common/pico_double/double_v1_rom_shim.S.obj
 .debug_ranges  0x000023c8      0x128 CMakeFiles/main.dir/C_/VSARM/sdk/pico/pico-sdk/src/rp2_common/pico_float/float_aeabi.S.obj
 .debug_ranges  0x000024f0       0x28 CMakeFiles/main.dir/C_/VSARM/sdk/pico/pico-sdk/src/rp2_common/pico_float/float_init_rom.c.obj
 .debug_ranges  0x00002518       0x48 CMakeFiles/main.dir/C_/VSARM/sdk/pico/pico-sdk/src/rp2_common/pico_float/float_v1_rom_shim.S.obj
 .debug_ranges  0x00002560       0x30 CMakeFiles/main.dir/C_/VSARM/sdk/pico/pico-sdk/src/rp2_common/pico_mem_ops/mem_ops_aeabi.S.obj
 .debug_ranges  0x00002590       0x20 CMakeFiles/main.dir/C_/VSARM/sdk/pico/pico-sdk/src/rp2_common/pico_standard_link/crt0.S.obj